-------------------------------------------------------------------------------
      name:  sdm_geographic_inv
       log:  C:/Users/abc0x7f/Desktop/PRO/统计建模/outputs/空间分析/baseline/40
> _空间SDM主模型/stata/SDM主模型_geographic_inv.log
  log type:  text
 opened on:   4 Jun 2026, 03:59:52
============================================
矩阵：地理距离倒数矩阵（省会版） (geographic_inv)
双固定效应 SDM 主模型
============================================
Warning: All regressors will be spatially lagged 


SDM with random-effects                              Number of obs =       240

Group variable: pid                               Number of groups =        30
Time variable: year                                   Panel length =         8

R-sq:    within  = 0.4257
         between = 0.2652
         overall = 0.2754

Log-likelihood =   304.3884
------------------------------------------------------------------------------
         eff | Coefficient  Std. err.      z    P>|z|     [95% conf. interval]
-------------+----------------------------------------------------------------
Main         |
        lntl |   .1072469   .0602728     1.78   0.075    -.0108857    .2253795
         ind |   -.012494   .1242061    -0.10   0.920    -.2559335    .2309455
         urb |  -1.075804   .3766192    -2.86   0.004    -1.813964   -.3376438
          rd |   6.552327   2.363632     2.77   0.006     1.919694    11.18496
        open |   .3341217   .1049534     3.18   0.001     .1284167    .5398266
          es |  -.2149438    .133396    -1.61   0.107    -.4763951    .0465075
       _cons |   2.561453   1.065188     2.40   0.016     .4737225    4.649184
-------------+----------------------------------------------------------------
Wx           |
        lntl |   -.002757   .1274823    -0.02   0.983    -.2526177    .2471037
         ind |  -.3807609   .4952438    -0.77   0.442    -1.351421     .589899
         urb |   -2.49957   1.505602    -1.66   0.097    -5.450496    .4513551
          rd |   24.62897   9.295091     2.65   0.008      6.41093    42.84702
        open |  -.0941861   .4327233    -0.22   0.828    -.9423082    .7539361
          es |  -1.021372   .6129812    -1.67   0.096    -2.222793    .1800491
-------------+----------------------------------------------------------------
Spatial      |
         rho |   .0763556   .1977107     0.39   0.699    -.3111502    .4638613
-------------+----------------------------------------------------------------
Variance     |
   lgt_theta |  -2.265392   .1690951   -13.40   0.000    -2.596812   -1.933971
    sigma2_e |    .002565    .000254    10.10   0.000     .0020672    .0030628
------------------------------------------------------------------------------
--------------------------------------------
空间 Hausman 检验：FE (both) vs RE
--------------------------------------------
标准 Hausman chi2 为负 (-15.61069808964942)，尝试 sigmamore……
      name:  sdm_geographic_inv
       log:  C:/Users/abc0x7f/Desktop/PRO/统计建模/outputs/空间分析/baseline/40
> _空间SDM主模型/stata/SDM主模型_geographic_inv.log
  log type:  text
 closed on:   4 Jun 2026, 03:59:54
-------------------------------------------------------------------------------
