-------------------------------------------------------------------------------
      name:  sdm_economic_geo_nested
       log:  C:/Users/abc0x7f/Desktop/PRO/统计建模/outputs/空间分析/baseline/40
> _空间SDM主模型/stata/SDM主模型_economic_geo_nested.log
  log type:  text
 opened on:   4 Jun 2026, 03:59:54
============================================
矩阵：经济地理嵌套矩阵（省会版） (economic_geo_nested)
双固定效应 SDM 主模型
============================================
Warning: All regressors will be spatially lagged 


SDM with random-effects                              Number of obs =       240

Group variable: pid                               Number of groups =        30
Time variable: year                                   Panel length =         8

R-sq:    within  = 0.4342
         between = 0.3056
         overall = 0.3149

Log-likelihood =   307.2593
------------------------------------------------------------------------------
         eff | Coefficient  Std. err.      z    P>|z|     [95% conf. interval]
-------------+----------------------------------------------------------------
Main         |
        lntl |   .0727889   .0595961     1.22   0.222    -.0440174    .1895951
         ind |  -.0015297   .1227074    -0.01   0.990    -.2420317    .2389722
         urb |   -.993617   .3489082    -2.85   0.004    -1.677465   -.3097694
          rd |   6.410023   2.329021     2.75   0.006     1.845225    10.97482
        open |   .3457955   .0997402     3.47   0.001     .1503083    .5412827
          es |  -.2068864   .1335021    -1.55   0.121    -.4685457     .054773
       _cons |   3.458837   1.056103     3.28   0.001     1.388912    5.528761
-------------+----------------------------------------------------------------
Wx           |
        lntl |   .0394272   .1241311     0.32   0.751    -.2038652    .2827196
         ind |  -.6911131   .5098962    -1.36   0.175    -1.690491    .3082651
         urb |  -3.652343   1.420502    -2.57   0.010    -6.436475     -.86821
          rd |   27.77607   9.149798     3.04   0.002     9.842792    45.70934
        open |  -.1661298   .4245456    -0.39   0.696     -.998224    .6659643
          es |  -1.459295   .5904713    -2.47   0.013    -2.616598   -.3019925
-------------+----------------------------------------------------------------
Spatial      |
         rho |   .0947538   .1974961     0.48   0.631    -.2923316    .4818391
-------------+----------------------------------------------------------------
Variance     |
   lgt_theta |  -2.227253    .174158   -12.79   0.000    -2.568597    -1.88591
    sigma2_e |   .0025255    .000251    10.06   0.000     .0020336    .0030174
------------------------------------------------------------------------------
--------------------------------------------
空间 Hausman 检验：FE (both) vs RE
--------------------------------------------
标准 Hausman chi2 为负 (-6.337772780933631)，尝试 sigmamore……
      name:  sdm_economic_geo_nested
       log:  C:/Users/abc0x7f/Desktop/PRO/统计建模/outputs/空间分析/baseline/40
> _空间SDM主模型/stata/SDM主模型_economic_geo_nested.log
  log type:  text
 closed on:   4 Jun 2026, 03:59:57
-------------------------------------------------------------------------------
