-------------------------------------------------------------------------------
      name:  sdm_economic_inv
       log:  C:/Users/abc0x7f/Desktop/PRO/统计建模/outputs/空间分析/baseline/40
> _空间SDM主模型/stata/SDM主模型_economic_inv.log
  log type:  text
 opened on:  31 May 2026, 18:49:58
============================================
矩阵：经济倒数权重矩阵 (economic_inv)
双固定效应 SDM 主模型
============================================
Warning: All regressors will be spatially lagged 


SDM with random-effects                              Number of obs =       240

Group variable: pid                               Number of groups =        30
Time variable: year                                   Panel length =         8

R-sq:    within  = 0.4608
         between = 0.1716
         overall = 0.1878

Log-likelihood =   308.3898
------------------------------------------------------------------------------
         eff | Coefficient  Std. err.      z    P>|z|     [95% conf. interval]
-------------+----------------------------------------------------------------
Main         |
        lntl |   .0550009   .0537313     1.02   0.306    -.0503105    .1603123
         ind |   .0616732   .1173702     0.53   0.599    -.1683681    .2917145
         urb |   -1.43447   .2936562    -4.88   0.000    -2.010026   -.8589147
          rd |   8.434403   2.313165     3.65   0.000     3.900682    12.96812
        open |    .442436   .0933068     4.74   0.000     .2595581     .625314
          es |  -.1825533   .1327367    -1.38   0.169    -.4427124    .0776057
       _cons |   1.889812   .4880855     3.87   0.000      .933182    2.846442
-------------+----------------------------------------------------------------
Wx           |
        lntl |   .0343038   .0808837     0.42   0.671    -.1242253    .1928329
         ind |  -.2336876   .2642749    -0.88   0.377    -.7516569    .2842816
         urb |  -.6992671   .5799484    -1.21   0.228    -1.835945    .4374109
          rd |   9.000144   4.998505     1.80   0.072    -.7967449    18.79703
        open |  -.4766131   .2034033    -2.34   0.019    -.8752762     -.07795
          es |  -.9611114   .2807709    -3.42   0.001    -1.511412   -.4108106
-------------+----------------------------------------------------------------
Spatial      |
         rho |    .100844     .10933     0.92   0.356    -.1134389    .3151269
-------------+----------------------------------------------------------------
Variance     |
   lgt_theta |  -2.378502   .1779357   -13.37   0.000     -2.72725   -2.029755
    sigma2_e |   .0024142   .0002408    10.03   0.000     .0019423     .002886
------------------------------------------------------------------------------
--------------------------------------------
空间 Hausman 检验：FE (both) vs RE
--------------------------------------------

                 ---- Coefficients ----
             |      (b)          (B)            (b-B)     sqrt(diag(V_b-V_B))
             |  fe_economi~v re_economi~v    Difference       Std. err.
-------------+----------------------------------------------------------------
        lntl |    .0524318     .0550009        -.002569        .0273412
         ind |    .0384118     .0616732       -.0232614               .
         urb |   -1.829582     -1.43447       -.3951114        .1389025
          rd |    5.342511     8.434403       -3.091891        .5831076
        open |    .4454576      .442436        .0030215               .
          es |   -.0464108    -.1825533        .1361425               .
------------------------------------------------------------------------------
                          b = Consistent under H0 and Ha; obtained from xsmle.
           B = Inconsistent under Ha, efficient under H0; obtained from xsmle.

Test of H0: Difference in coefficients not systematic

    chi2(6) = (b-B)'[(V_b-V_B)^(-1)](b-B)
            =  87.62
Prob > chi2 = 0.0000
(V_b-V_B is not positive definite)
      name:  sdm_economic_inv
       log:  C:/Users/abc0x7f/Desktop/PRO/统计建模/outputs/空间分析/baseline/40
> _空间SDM主模型/stata/SDM主模型_economic_inv.log
  log type:  text
 closed on:  31 May 2026, 18:50:00
-------------------------------------------------------------------------------
