-------------------------------------------------------------------------------
      name:  sdm_adjacency_01
       log:  C:/Users/abc0x7f/Desktop/PRO/统计建模/outputs/空间分析/baseline/40
> _空间SDM主模型/stata/SDM主模型_adjacency_01.log
  log type:  text
 opened on:   4 Jun 2026, 03:59:50
============================================
矩阵：0-1邻接矩阵 (adjacency_01)
双固定效应 SDM 主模型
============================================
Warning: All regressors will be spatially lagged 


SDM with random-effects                              Number of obs =       240

Group variable: pid                               Number of groups =        30
Time variable: year                                   Panel length =         8

R-sq:    within  = 0.4452
         between = 0.2931
         overall = 0.2980

Log-likelihood =   309.6128
------------------------------------------------------------------------------
         eff | Coefficient  Std. err.      z    P>|z|     [95% conf. interval]
-------------+----------------------------------------------------------------
Main         |
        lntl |   .2159927   .0773489     2.79   0.005     .0643917    .3675937
         ind |   .0044243   .1148229     0.04   0.969    -.2206245    .2294732
         urb |  -1.422792   .4008908    -3.55   0.000    -2.208523   -.6370605
          rd |   7.127292   2.349559     3.03   0.002      2.52224    11.73234
        open |   .3602753   .0936092     3.85   0.000     .1768047    .5437459
          es |  -.1041453   .1318024    -0.79   0.429    -.3624733    .1541827
       _cons |   .8335208   .3385323     2.46   0.014     .1700097    1.497032
-------------+----------------------------------------------------------------
Wx           |
        lntl |  -.2614069   .0888295    -2.94   0.003    -.4355096   -.0873043
         ind |  -.4555047   .2095058    -2.17   0.030    -.8661285   -.0448809
         urb |   .5646082   .5643717     1.00   0.317    -.5415399    1.670756
          rd |   5.719628   3.863846     1.48   0.139    -1.853371    13.29263
        open |   .2986658   .1399513     2.13   0.033     .0243664    .5729653
          es |  -.1413295   .2097724    -0.67   0.500    -.5524758    .2698169
-------------+----------------------------------------------------------------
Spatial      |
         rho |    .226645   .0861456     2.63   0.009     .0578028    .3954872
-------------+----------------------------------------------------------------
Variance     |
   lgt_theta |  -2.361038   .1743953   -13.54   0.000    -2.702847    -2.01923
    sigma2_e |   .0023743   .0002378     9.99   0.000     .0019083    .0028404
------------------------------------------------------------------------------
--------------------------------------------
空间 Hausman 检验：FE (both) vs RE
--------------------------------------------
标准 Hausman chi2 为负 (-8.270890051035456)，尝试 sigmamore……
      name:  sdm_adjacency_01
       log:  C:/Users/abc0x7f/Desktop/PRO/统计建模/outputs/空间分析/baseline/40
> _空间SDM主模型/stata/SDM主模型_adjacency_01.log
  log type:  text
 closed on:   4 Jun 2026, 03:59:52
-------------------------------------------------------------------------------
