-------------------------------------------------------------------------------
      name:  <unnamed>
       log:  C:/Users/abc0x7f/Desktop/PRO/统计建模/outputs/空间分析/baseline/40
> _空间SDM主模型/stata/空间SDM主模型总日志.log
  log type:  text
 opened on:   4 Jun 2026, 03:59:47

. 
. cap which xsmle

. if _rc {
.     display as error "未检测到 xsmle。请先执行：ssc install xsmle, replace"
.     exit 499
. }

. 
. * ------------------------------
. * 1. Mata 辅助函数
. * ------------------------------
. mata:
------------------------------------------------- mata (type end to exit) -----
: real matrix row_normalize(real matrix W)
> {
>     real scalar i, s
>     real matrix R
> 
>     R = W
>     for (i = 1; i <= rows(R); i++) {
>         s = sum(R[i,])
>         if (s != 0) {
>             R[i,] = R[i,] :/ s
>         }
>     }
>     return(R)
> }

: end
-------------------------------------------------------------------------------

. 
. * ------------------------------
. * 2. 读取空间矩阵
. * ------------------------------
. capture program drop build_w_matrix

. program define build_w_matrix, rclass
  1.     syntax , WFILE(string) WNAME(name)
  2. 
.     preserve
  3.         import delimited using "`wfile'", clear varnames(1) encoding(utf8)
>  stringcols(1)
  4.         drop province
  5.         unab wvars : _all
  6.         mkmat `wvars', matrix(`wname'_raw)
  7.     restore
  8. 
.     mata: st_matrix("`wname'", row_normalize(st_matrix("`wname'_raw")))
  9.     matrix drop `wname'_raw
 10.     return local wname "`wname'"
 11. end

. 
. * ------------------------------
. * 3. 主面板数据
. * ------------------------------
. tempfile panel_raw

. import delimited using "${DATA_FILE}", clear varnames(1) encoding(utf8)
(10 vars, 240 obs)

. keep province year eff lntl ind urb rd open es

. drop if missing(province, year, eff, lntl, ind, urb, rd, open, es)
(0 observations deleted)

. replace province = trim(province)
(0 real changes made)

. destring year eff lntl ind urb rd open es, replace force
year already numeric; no replace
eff already numeric; no replace
lntl already numeric; no replace
ind already numeric; no replace
urb already numeric; no replace
rd already numeric; no replace
open already numeric; no replace
es already numeric; no replace

. sort province year

. save "`panel_raw'", replace
(file C:\Users\abc0x7f\AppData\Local\Temp\ST_fc80_000001.tmp not found)
file C:\Users\abc0x7f\AppData\Local\Temp\ST_fc80_000001.tmp saved as .dta
    format

. global TMP_PANEL_RAW "`panel_raw'"

. 
. * ------------------------------
. * 4. 结果收集表
. * ------------------------------
. tempfile coef_results effect_results hausman_results

. postfile coef_handle str32 weight_type str20 section str20 variable ///
>     double coef double se double zstat double pvalue double ll double ul ///
>     using "`coef_results'", replace
(file C:\Users\abc0x7f\AppData\Local\Temp\ST_fc80_000002.tmp not found)

. postfile effect_handle str32 weight_type str20 effect_type str20 variable ///
>     double coef double se double zstat double pvalue double ll double ul ///
>     using "`effect_results'", replace
(file C:\Users\abc0x7f\AppData\Local\Temp\ST_fc80_000003.tmp not found)

. postfile hausman_handle str32 weight_type str20 test_name ///
>     double chi2 double df double pvalue ///
>     using "`hausman_results'", replace
(file C:\Users\abc0x7f\AppData\Local\Temp\ST_fc80_000004.tmp not found)

. 
. * ------------------------------
. * 5. 单个矩阵的模型估计
. * ------------------------------
. capture program drop run_sdm_model

. program define run_sdm_model
  1.     syntax , TAG(string) LABEL(string) WFILE(string)
  2. 
.     tempname W RTAB
  3.     tempfile province_order
  4.     local k = 0
  5. 
.     preserve
  6.         import delimited using "`wfile'", clear varnames(1) encoding(utf8)
>  stringcols(1)
  7.         gen order_id = _n
  8.         keep province order_id
  9.         save "`province_order'", replace
 10.     restore
 11. 
.     quietly build_w_matrix, wfile("`wfile'") wname(`W')
 12.     local WNAME "`r(wname)'"
 13. 
.     use "${TMP_PANEL_RAW}", clear
 14.     merge m:1 province using "`province_order'"
 15.     count if _merge != 3
 16.     if r(N) {
 17.         display as error "面板省份与空间权重矩阵省份无法完全匹配。"
 18.         list province year _merge if _merge != 3 in 1/20
 19.         exit 459
 20.     }
 21.     drop _merge
 22.     sort order_id year
 23.     gen pid = order_id
 24.     xtset pid year
 25. 
.     capture log close sdm_`tag'
 26.     log using "${STATA_DIR}/SDM主模型_`tag'.log", text replace name(sdm_`t
> ag')
 27. 
.     display as text "============================================"
 28.     display as text "矩阵：`label' (`tag')"
 29.     display as text "双固定效应 SDM 主模型"
 30.     display as text "============================================"
 31. 
.     * -- FE model WITHOUT effects (for Hausman, matches RE parameter set) --
.     quietly xsmle eff lntl ind urb rd open es, ///
>         wmat(`WNAME') model(sdm) fe type(both) nolog noeffects
 32.     estimates store fe_`tag'
 33. 
.     * -- FE model WITH effects (for coefficient extraction) --
.     quietly xsmle eff lntl ind urb rd open es, ///
>         wmat(`WNAME') model(sdm) fe type(both) effect nolog
 34.     matrix `RTAB' = r(table)
 35. 
.     local cnames : colfullnames e(b)
 36.     local k = colsof(`RTAB')
 37. 
.     forvalues j = 1/`k' {
 38.         local token : word `j' of `cnames'
 39.         local clean = subinstr("`token'", ":", " ", .)
 40.         local section : word 1 of `clean'
 41.         local variable : word 2 of `clean'
 42. 
.         scalar b  = `RTAB'[1,`j']
 43.         scalar se = `RTAB'[2,`j']
 44.         scalar zz = `RTAB'[3,`j']
 45.         scalar pp = `RTAB'[4,`j']
 46.         scalar ll = `RTAB'[5,`j']
 47.         scalar ul = `RTAB'[6,`j']
 48. 
.         if inlist("`section'", "Main", "Wx", "Spatial", "Variance") {
 49.             post coef_handle ("`tag'") ("`section'") ("`variable'") ///
>                 (b) (se) (zz) (pp) (ll) (ul)
 50.         }
 51.         else if inlist("`section'", "LR_Direct", "LR_Indirect", "LR_Total"
> ) {
 52.             post effect_handle ("`tag'") ("`section'") ("`variable'") ///
>                 (b) (se) (zz) (pp) (ll) (ul)
 53.         }
 54.     }
 55. 
.     * -- RE model for spatial Hausman test (after coefficient extraction) --
.     capture noisily xsmle eff lntl ind urb rd open es, ///
>         wmat(`WNAME') model(sdm) re nolog noeffects
 56.     if _rc == 0 {
 57.         estimates store re_`tag'
 58. 
.         display as text "--------------------------------------------"
 59.         display as text "空间 Hausman 检验：FE (both) vs RE"
 60.         display as text "--------------------------------------------"
 61. 
.         * Standard hausman
.         capture hausman fe_`tag' re_`tag'
 62.         local hausman_rc = _rc
 63.         if `hausman_rc' == 0 {
 64.             local h_chi2 = r(chi2)
 65.             if `h_chi2' < 0 {
 66.                 * Negative chi2 → try sigmamore
.                 display as text "标准 Hausman chi2 为负 (`h_chi2')，尝试 sigm
> amore……"
 67.                 capture hausman fe_`tag' re_`tag', sigmamore
 68.                 if _rc == 0 {
 69.                     local h_chi2_sm = r(chi2)
 70.                     if `h_chi2_sm' < 0 {
 71.                         display as text "sigmamore 仍为负 (`h_chi2_sm')，
> 报告 VCE 非正定。"
 72.                         post hausman_handle ("`tag'") ("Hausman: FE vs RE 
> (VCE非正定)") (.) (.) (.)
 73.                     }
 74.                     else {
 75.                         post hausman_handle ("`tag'") ("Hausman: FE vs RE 
> (sigmamore)") ///
>                             (`h_chi2_sm') (r(df)) (r(p))
 76.                         noisily hausman fe_`tag' re_`tag', sigmamore
 77.                     }
 78.                 }
 79.                 else {
 80.                     post hausman_handle ("`tag'") ("Hausman: FE vs RE (VCE
> 非正定)") (.) (.) (.)
 81.                 }
 82.             }
 83.             else {
 84.                 post hausman_handle ("`tag'") ("Hausman: FE vs RE (spatial
> )") ///
>                     (`h_chi2') (r(df)) (r(p))
 85.                 noisily hausman fe_`tag' re_`tag'
 86.             }
 87.         }
 88.         else {
 89.             display as text "Hausman 命令执行失败，尝试 sigmamore。"
 90.             capture hausman fe_`tag' re_`tag', sigmamore
 91.             if _rc == 0 {
 92.                 post hausman_handle ("`tag'") ("Hausman: FE vs RE (sigmamo
> re)") ///
>                     (r(chi2)) (r(df)) (r(p))
 93.                 noisily hausman fe_`tag' re_`tag', sigmamore
 94.             }
 95.             else {
 96.                 post hausman_handle ("`tag'") ("Hausman: FE vs RE (spatial
> )") (.) (.) (.)
 97.             }
 98.         }
 99.     }
100.     else {
101.         display as text "RE 模型估计不收敛，跳过空间 Hausman 检验。"
102.         post hausman_handle ("`tag'") ("Hausman: FE vs RE (spatial)") (.) 
> (.) (.)
103.     }
104. 
.     log close sdm_`tag'
105. end

. 
. * ------------------------------
. * 6. 运行四类矩阵模型
. * ------------------------------
. run_sdm_model, tag(economic_inv) label("经济倒数权重矩阵") wfile("${W_ECO_FIL
> E}")
(31 vars, 30 obs)
(file C:\Users\abc0x7f\AppData\Local\Temp\ST_fc80_000005.tmp not found)
file C:\Users\abc0x7f\AppData\Local\Temp\ST_fc80_000005.tmp saved as .dta
    format

    Result                      Number of obs
    -----------------------------------------
    Not matched                             0
    Matched                               240  (_merge==3)
    -----------------------------------------
  0

Panel variable: pid (strongly balanced)
 Time variable: year, 2015 to 2022
         Delta: 1 unit
-------------------------------------------------------------------------------
      name:  sdm_economic_inv
       log:  C:/Users/abc0x7f/Desktop/PRO/统计建模/outputs/空间分析/baseline/40
> _空间SDM主模型/stata/SDM主模型_economic_inv.log
  log type:  text
 opened on:   4 Jun 2026, 03:59:47
============================================
矩阵：经济倒数权重矩阵 (economic_inv)
双固定效应 SDM 主模型
============================================
Warning: All regressors will be spatially lagged 


SDM with random-effects                              Number of obs =       240

Group variable: pid                               Number of groups =        30
Time variable: year                                   Panel length =         8

R-sq:    within  = 0.4608
         between = 0.1716
         overall = 0.1878

Log-likelihood =   308.3898
------------------------------------------------------------------------------
         eff | Coefficient  Std. err.      z    P>|z|     [95% conf. interval]
-------------+----------------------------------------------------------------
Main         |
        lntl |   .0550009   .0537313     1.02   0.306    -.0503105    .1603123
         ind |   .0616732   .1173702     0.53   0.599    -.1683681    .2917145
         urb |   -1.43447   .2936562    -4.88   0.000    -2.010026   -.8589147
          rd |   8.434403   2.313165     3.65   0.000     3.900682    12.96812
        open |    .442436   .0933068     4.74   0.000     .2595581     .625314
          es |  -.1825533   .1327367    -1.38   0.169    -.4427124    .0776057
       _cons |   1.889812   .4880855     3.87   0.000      .933182    2.846442
-------------+----------------------------------------------------------------
Wx           |
        lntl |   .0343038   .0808837     0.42   0.671    -.1242253    .1928329
         ind |  -.2336876   .2642749    -0.88   0.377    -.7516569    .2842816
         urb |  -.6992671   .5799484    -1.21   0.228    -1.835945    .4374109
          rd |   9.000144   4.998505     1.80   0.072    -.7967449    18.79703
        open |  -.4766131   .2034033    -2.34   0.019    -.8752762     -.07795
          es |  -.9611114   .2807709    -3.42   0.001    -1.511412   -.4108106
-------------+----------------------------------------------------------------
Spatial      |
         rho |    .100844     .10933     0.92   0.356    -.1134389    .3151269
-------------+----------------------------------------------------------------
Variance     |
   lgt_theta |  -2.378502   .1779357   -13.37   0.000     -2.72725   -2.029755
    sigma2_e |   .0024142   .0002408    10.03   0.000     .0019423     .002886
------------------------------------------------------------------------------
--------------------------------------------
空间 Hausman 检验：FE (both) vs RE
--------------------------------------------

                 ---- Coefficients ----
             |      (b)          (B)            (b-B)     sqrt(diag(V_b-V_B))
             |  fe_economi~v re_economi~v    Difference       Std. err.
-------------+----------------------------------------------------------------
        lntl |    .0524318     .0550009        -.002569        .0273412
         ind |    .0384118     .0616732       -.0232614               .
         urb |   -1.829582     -1.43447       -.3951114        .1389025
          rd |    5.342511     8.434403       -3.091891        .5831076
        open |    .4454576      .442436        .0030215               .
          es |   -.0464108    -.1825533        .1361425               .
------------------------------------------------------------------------------
                          b = Consistent under H0 and Ha; obtained from xsmle.
           B = Inconsistent under Ha, efficient under H0; obtained from xsmle.

Test of H0: Difference in coefficients not systematic

    chi2(6) = (b-B)'[(V_b-V_B)^(-1)](b-B)
            =  87.62
Prob > chi2 = 0.0000
(V_b-V_B is not positive definite)
      name:  sdm_economic_inv
       log:  C:/Users/abc0x7f/Desktop/PRO/统计建模/outputs/空间分析/baseline/40
> _空间SDM主模型/stata/SDM主模型_economic_inv.log
  log type:  text
 closed on:   4 Jun 2026, 03:59:50
-------------------------------------------------------------------------------

. run_sdm_model, tag(adjacency_01) label("0-1邻接矩阵") wfile("${W_ADJ_FILE}")
(31 vars, 30 obs)
(file C:\Users\abc0x7f\AppData\Local\Temp\ST_fc80_000005.tmp not found)
file C:\Users\abc0x7f\AppData\Local\Temp\ST_fc80_000005.tmp saved as .dta
    format

    Result                      Number of obs
    -----------------------------------------
    Not matched                             0
    Matched                               240  (_merge==3)
    -----------------------------------------
  0

Panel variable: pid (strongly balanced)
 Time variable: year, 2015 to 2022
         Delta: 1 unit
-------------------------------------------------------------------------------
      name:  sdm_adjacency_01
       log:  C:/Users/abc0x7f/Desktop/PRO/统计建模/outputs/空间分析/baseline/40
> _空间SDM主模型/stata/SDM主模型_adjacency_01.log
  log type:  text
 opened on:   4 Jun 2026, 03:59:50
============================================
矩阵：0-1邻接矩阵 (adjacency_01)
双固定效应 SDM 主模型
============================================
Warning: All regressors will be spatially lagged 


SDM with random-effects                              Number of obs =       240

Group variable: pid                               Number of groups =        30
Time variable: year                                   Panel length =         8

R-sq:    within  = 0.4452
         between = 0.2931
         overall = 0.2980

Log-likelihood =   309.6128
------------------------------------------------------------------------------
         eff | Coefficient  Std. err.      z    P>|z|     [95% conf. interval]
-------------+----------------------------------------------------------------
Main         |
        lntl |   .2159927   .0773489     2.79   0.005     .0643917    .3675937
         ind |   .0044243   .1148229     0.04   0.969    -.2206245    .2294732
         urb |  -1.422792   .4008908    -3.55   0.000    -2.208523   -.6370605
          rd |   7.127292   2.349559     3.03   0.002      2.52224    11.73234
        open |   .3602753   .0936092     3.85   0.000     .1768047    .5437459
          es |  -.1041453   .1318024    -0.79   0.429    -.3624733    .1541827
       _cons |   .8335208   .3385323     2.46   0.014     .1700097    1.497032
-------------+----------------------------------------------------------------
Wx           |
        lntl |  -.2614069   .0888295    -2.94   0.003    -.4355096   -.0873043
         ind |  -.4555047   .2095058    -2.17   0.030    -.8661285   -.0448809
         urb |   .5646082   .5643717     1.00   0.317    -.5415399    1.670756
          rd |   5.719628   3.863846     1.48   0.139    -1.853371    13.29263
        open |   .2986658   .1399513     2.13   0.033     .0243664    .5729653
          es |  -.1413295   .2097724    -0.67   0.500    -.5524758    .2698169
-------------+----------------------------------------------------------------
Spatial      |
         rho |    .226645   .0861456     2.63   0.009     .0578028    .3954872
-------------+----------------------------------------------------------------
Variance     |
   lgt_theta |  -2.361038   .1743953   -13.54   0.000    -2.702847    -2.01923
    sigma2_e |   .0023743   .0002378     9.99   0.000     .0019083    .0028404
------------------------------------------------------------------------------
--------------------------------------------
空间 Hausman 检验：FE (both) vs RE
--------------------------------------------
标准 Hausman chi2 为负 (-8.270890051035456)，尝试 sigmamore……
      name:  sdm_adjacency_01
       log:  C:/Users/abc0x7f/Desktop/PRO/统计建模/outputs/空间分析/baseline/40
> _空间SDM主模型/stata/SDM主模型_adjacency_01.log
  log type:  text
 closed on:   4 Jun 2026, 03:59:52
-------------------------------------------------------------------------------

. run_sdm_model, tag(geographic_inv) label("地理距离倒数矩阵（省会版）") wfile(
> "${W_GEO_INV_FILE}")
(31 vars, 30 obs)
(file C:\Users\abc0x7f\AppData\Local\Temp\ST_fc80_000005.tmp not found)
file C:\Users\abc0x7f\AppData\Local\Temp\ST_fc80_000005.tmp saved as .dta
    format

    Result                      Number of obs
    -----------------------------------------
    Not matched                             0
    Matched                               240  (_merge==3)
    -----------------------------------------
  0

Panel variable: pid (strongly balanced)
 Time variable: year, 2015 to 2022
         Delta: 1 unit
-------------------------------------------------------------------------------
      name:  sdm_geographic_inv
       log:  C:/Users/abc0x7f/Desktop/PRO/统计建模/outputs/空间分析/baseline/40
> _空间SDM主模型/stata/SDM主模型_geographic_inv.log
  log type:  text
 opened on:   4 Jun 2026, 03:59:52
============================================
矩阵：地理距离倒数矩阵（省会版） (geographic_inv)
双固定效应 SDM 主模型
============================================
Warning: All regressors will be spatially lagged 


SDM with random-effects                              Number of obs =       240

Group variable: pid                               Number of groups =        30
Time variable: year                                   Panel length =         8

R-sq:    within  = 0.4257
         between = 0.2652
         overall = 0.2754

Log-likelihood =   304.3884
------------------------------------------------------------------------------
         eff | Coefficient  Std. err.      z    P>|z|     [95% conf. interval]
-------------+----------------------------------------------------------------
Main         |
        lntl |   .1072469   .0602728     1.78   0.075    -.0108857    .2253795
         ind |   -.012494   .1242061    -0.10   0.920    -.2559335    .2309455
         urb |  -1.075804   .3766192    -2.86   0.004    -1.813964   -.3376438
          rd |   6.552327   2.363632     2.77   0.006     1.919694    11.18496
        open |   .3341217   .1049534     3.18   0.001     .1284167    .5398266
          es |  -.2149438    .133396    -1.61   0.107    -.4763951    .0465075
       _cons |   2.561453   1.065188     2.40   0.016     .4737225    4.649184
-------------+----------------------------------------------------------------
Wx           |
        lntl |   -.002757   .1274823    -0.02   0.983    -.2526177    .2471037
         ind |  -.3807609   .4952438    -0.77   0.442    -1.351421     .589899
         urb |   -2.49957   1.505602    -1.66   0.097    -5.450496    .4513551
          rd |   24.62897   9.295091     2.65   0.008      6.41093    42.84702
        open |  -.0941861   .4327233    -0.22   0.828    -.9423082    .7539361
          es |  -1.021372   .6129812    -1.67   0.096    -2.222793    .1800491
-------------+----------------------------------------------------------------
Spatial      |
         rho |   .0763556   .1977107     0.39   0.699    -.3111502    .4638613
-------------+----------------------------------------------------------------
Variance     |
   lgt_theta |  -2.265392   .1690951   -13.40   0.000    -2.596812   -1.933971
    sigma2_e |    .002565    .000254    10.10   0.000     .0020672    .0030628
------------------------------------------------------------------------------
--------------------------------------------
空间 Hausman 检验：FE (both) vs RE
--------------------------------------------
标准 Hausman chi2 为负 (-15.61069808964942)，尝试 sigmamore……
      name:  sdm_geographic_inv
       log:  C:/Users/abc0x7f/Desktop/PRO/统计建模/outputs/空间分析/baseline/40
> _空间SDM主模型/stata/SDM主模型_geographic_inv.log
  log type:  text
 closed on:   4 Jun 2026, 03:59:54
-------------------------------------------------------------------------------

. run_sdm_model, tag(economic_geo_nested) label("经济地理嵌套矩阵（省会版）") w
> file("${W_ECO_GEO_NEST_FILE}")
(31 vars, 30 obs)
(file C:\Users\abc0x7f\AppData\Local\Temp\ST_fc80_000005.tmp not found)
file C:\Users\abc0x7f\AppData\Local\Temp\ST_fc80_000005.tmp saved as .dta
    format

    Result                      Number of obs
    -----------------------------------------
    Not matched                             0
    Matched                               240  (_merge==3)
    -----------------------------------------
  0

Panel variable: pid (strongly balanced)
 Time variable: year, 2015 to 2022
         Delta: 1 unit
-------------------------------------------------------------------------------
      name:  sdm_economic_geo_nested
       log:  C:/Users/abc0x7f/Desktop/PRO/统计建模/outputs/空间分析/baseline/40
> _空间SDM主模型/stata/SDM主模型_economic_geo_nested.log
  log type:  text
 opened on:   4 Jun 2026, 03:59:54
============================================
矩阵：经济地理嵌套矩阵（省会版） (economic_geo_nested)
双固定效应 SDM 主模型
============================================
Warning: All regressors will be spatially lagged 


SDM with random-effects                              Number of obs =       240

Group variable: pid                               Number of groups =        30
Time variable: year                                   Panel length =         8

R-sq:    within  = 0.4342
         between = 0.3056
         overall = 0.3149

Log-likelihood =   307.2593
------------------------------------------------------------------------------
         eff | Coefficient  Std. err.      z    P>|z|     [95% conf. interval]
-------------+----------------------------------------------------------------
Main         |
        lntl |   .0727889   .0595961     1.22   0.222    -.0440174    .1895951
         ind |  -.0015297   .1227074    -0.01   0.990    -.2420317    .2389722
         urb |   -.993617   .3489082    -2.85   0.004    -1.677465   -.3097694
          rd |   6.410023   2.329021     2.75   0.006     1.845225    10.97482
        open |   .3457955   .0997402     3.47   0.001     .1503083    .5412827
          es |  -.2068864   .1335021    -1.55   0.121    -.4685457     .054773
       _cons |   3.458837   1.056103     3.28   0.001     1.388912    5.528761
-------------+----------------------------------------------------------------
Wx           |
        lntl |   .0394272   .1241311     0.32   0.751    -.2038652    .2827196
         ind |  -.6911131   .5098962    -1.36   0.175    -1.690491    .3082651
         urb |  -3.652343   1.420502    -2.57   0.010    -6.436475     -.86821
          rd |   27.77607   9.149798     3.04   0.002     9.842792    45.70934
        open |  -.1661298   .4245456    -0.39   0.696     -.998224    .6659643
          es |  -1.459295   .5904713    -2.47   0.013    -2.616598   -.3019925
-------------+----------------------------------------------------------------
Spatial      |
         rho |   .0947538   .1974961     0.48   0.631    -.2923316    .4818391
-------------+----------------------------------------------------------------
Variance     |
   lgt_theta |  -2.227253    .174158   -12.79   0.000    -2.568597    -1.88591
    sigma2_e |   .0025255    .000251    10.06   0.000     .0020336    .0030174
------------------------------------------------------------------------------
--------------------------------------------
空间 Hausman 检验：FE (both) vs RE
--------------------------------------------
标准 Hausman chi2 为负 (-6.337772780933631)，尝试 sigmamore……
      name:  sdm_economic_geo_nested
       log:  C:/Users/abc0x7f/Desktop/PRO/统计建模/outputs/空间分析/baseline/40
> _空间SDM主模型/stata/SDM主模型_economic_geo_nested.log
  log type:  text
 closed on:   4 Jun 2026, 03:59:57
-------------------------------------------------------------------------------

. 
. postclose coef_handle

. postclose effect_handle

. postclose hausman_handle

. 
. use "`coef_results'", clear

. sort weight_type section variable

. export delimited using "${OUT_DIR}/主模型系数表.csv", replace
file C:/Users/abc0x7f/Desktop/PRO/统计建模/outputs/空间分析/baseline/40_空间SDM
> 主模型/主模型系数表.csv saved

. save "${STATA_DIR}/主模型系数表.dta", replace
file
    C:/Users/abc0x7f/Desktop/PRO/统计建模/outputs/空间分析/baseline/40_空间SD
    > M主模型/stata/主模型系数表.dta saved

. 
. use "`effect_results'", clear

. sort weight_type effect_type variable

. export delimited using "${OUT_DIR}/空间效应分解表.csv", replace
file C:/Users/abc0x7f/Desktop/PRO/统计建模/outputs/空间分析/baseline/40_空间SDM
> 主模型/空间效应分解表.csv saved

. save "${STATA_DIR}/空间效应分解表.dta", replace
file
    C:/Users/abc0x7f/Desktop/PRO/统计建模/outputs/空间分析/baseline/40_空间SD
    > M主模型/stata/空间效应分解表.dta saved

. 
. use "`hausman_results'", clear

. sort weight_type test_name

. export delimited using "${OUT_DIR}/空间Hausman检验结果.csv", replace
file C:/Users/abc0x7f/Desktop/PRO/统计建模/outputs/空间分析/baseline/40_空间SDM
> 主模型/空间Hausman检验结果.csv saved

. save "${STATA_DIR}/空间Hausman检验结果.dta", replace
file
    C:/Users/abc0x7f/Desktop/PRO/统计建模/outputs/空间分析/baseline/40_空间SD
    > M主模型/stata/空间Hausman检验结果.dta saved

. 
. display as text "============================================"
============================================

. display as text "结果文件已输出："
结果文件已输出：

. display as text "${OUT_DIR}/主模型系数表.csv"
C:/Users/abc0x7f/Desktop/PRO/统计建模/outputs/空间分析/baseline/40_空间SDM主模
> 型/主模型系数表.csv

. display as text "${OUT_DIR}/空间效应分解表.csv"
C:/Users/abc0x7f/Desktop/PRO/统计建模/outputs/空间分析/baseline/40_空间SDM主模
> 型/空间效应分解表.csv

. display as text "${OUT_DIR}/空间Hausman检验结果.csv"
C:/Users/abc0x7f/Desktop/PRO/统计建模/outputs/空间分析/baseline/40_空间SDM主模
> 型/空间Hausman检验结果.csv

. display as text "${STATA_DIR}/SDM主模型_*.log"
C:/Users/abc0x7f/Desktop/PRO/统计建模/outputs/空间分析/baseline/40_空间SDM主模
> 型/stata/SDM主模型_*.log

. display as text "============================================"
============================================

. 
. log close
      name:  <unnamed>
       log:  C:/Users/abc0x7f/Desktop/PRO/统计建模/outputs/空间分析/baseline/40
> _空间SDM主模型/stata/空间SDM主模型总日志.log
  log type:  text
 closed on:   4 Jun 2026, 03:59:57
-------------------------------------------------------------------------------
