
  ___  ____  ____  ____  ____ ®
 /__    /   ____/   /   ____/      StataNow 19.5
___/   /   /___/   /   /___/       MP—Parallel Edition

 Statistics and Data Science       Copyright 1985-2025 StataCorp LLC
                                   StataCorp
                                   4905 Lakeway Drive
                                   College Station, Texas 77845 USA
                                   800-782-8272        https://www.stata.com
                                   979-696-4600        service@stata.com

Stata license: Single-user 16-core  perpetual
Serial number: 3851871377
  Licensed to: abc0xff
               HP

Notes:
      1. Stata is running in batch mode.
      2. Unicode is supported; see help unicode_advice.
      3. More than 2 billion observations are allowed; see help obs_advice.
      4. Maximum number of variables is set to 5,000 but can be increased;
          see help set_maxvar.

. do C:\Users\abc0x7f\Desktop\PRO\计算机设计大赛\code\空间分析\stata\空间SDM主
> 模型.do 

. version 17.0

. clear all

. set more off

. 
. * ============================================================
. * 空间 SDM 主模型估计与效应分解
. * 主模型：经济倒数权重矩阵 + 双固定效应 SDM
. * 对照模型：0-1 邻接矩阵 + 双固定效应 SDM
. * 输出：
. * 1. 主模型系数表
. * 2. 空间效应分解表
. * 3. Stata 日志
. * ============================================================
. 
. global PROJECT_ROOT "C:/Users/abc0x7f/Desktop/PRO/统计建模"

. cd "${PROJECT_ROOT}"
C:\Users\abc0x7f\Desktop\PRO\统计建模

. 
. global DATA_FILE   "data/最终数据/第二阶段_基础.csv"

. global W_ADJ_FILE  "data/最终数据/省际01邻接矩阵.csv"

. global W_ECO_FILE  "data/最终数据/省际经济距离矩阵.csv"

. global W_GEO_INV_FILE "data/最终数据/省际地理距离倒数矩阵_省会版.csv"

. global W_ECO_GEO_NEST_FILE "data/最终数据/省际经济地理嵌套矩阵_省会版.csv"

. global OUT_DIR     "outputs/回归分析/80_空间SDM主模型"

. global STATA_DIR   "${OUT_DIR}/stata"

. 
. cap mkdir "${OUT_DIR}"

. cap mkdir "${STATA_DIR}"

. cap log close _all

. log using "${STATA_DIR}/空间SDM主模型总日志.log", text replace
(file
    C:\Users\abc0x7f\Desktop\PRO\统计建模\outputs/回归分析/80_空间SDM主模型/s
    > tata/空间SDM主模型总日志.log not found)
file
    C:\Users\abc0x7f\Desktop\PRO\统计建模\outputs/回归分析/80_空间SDM主模型/s
    > tata/空间SDM主模型总日志.log could not be opened
r(603);

end of do-file
r(603);
