-------------------------------------------------------------------------------
      name:  lm_economic_geo_nested
       log:  C:/Users/abc0x7f/Desktop/PRO/计算机设计大赛/outputs/空间分析/滞后
> 一期/30_空间权重矩阵检验/stata/LM_economic_geo_nested.log
  log type:  text
 opened on:   7 May 2026, 23:07:12
============================================
矩阵：经济地理嵌套矩阵（省会版） (economic_geo_nested)
LM / Robust LM 检验
============================================

      Source |       SS           df       MS      Number of obs   =       240
-------------+----------------------------------   F(42, 197)      =    106.17
       Model |  11.8413876        42  .281937801   Prob > F        =    0.0000
    Residual |  .523152467       197  .002655596   R-squared       =    0.9577
-------------+----------------------------------   Adj R-squared   =    0.9487
       Total |  12.3645401       239  .051734477   Root MSE        =    .05153

------------------------------------------------------------------------------
         eff | Coefficient  Std. err.      t    P>|t|     [95% conf. interval]
-------------+----------------------------------------------------------------
        lntl |   .2214922    .074649     2.97   0.003     .0742784     .368706
         ind |   .1259696   .1321184     0.95   0.342    -.1345782    .3865174
         urb |  -1.982014   .3866233    -5.13   0.000    -2.744466   -1.219562
          rd |   6.575897   2.788379     2.36   0.019     1.076993     12.0748
        open |   .4636029   .1053959     4.40   0.000     .2557538    .6714519
          es |  -.1383612   .1446924    -0.96   0.340     -.423706    .1469836
     pid_d_2 |   .1133787   .2568053     0.44   0.659    -.3930617    .6198192
     pid_d_3 |   .5245297   .2168361     2.42   0.016     .0969117    .9521477
     pid_d_4 |   .5217716   .1194809     4.37   0.000     .2861458    .7573975
     pid_d_5 |   .4084019   .2205407     1.85   0.066    -.0265219    .8433256
     pid_d_6 |   .2241854   .2266499     0.99   0.324    -.2227863     .671157
     pid_d_7 |   .5498808     .08538     6.44   0.000     .3815046    .7182569
     pid_d_8 |   .5438033   .2055396     2.65   0.009      .138463    .9491435
     pid_d_9 |   .0928042   .2003722     0.46   0.644    -.3023457    .4879541
    pid_d_10 |   .2842371   .1805911     1.57   0.117    -.0719027    .6403769
    pid_d_11 |   .2944425    .211452     1.39   0.165    -.1225576    .7114426
    pid_d_12 |   .5329717   .1109582     4.80   0.000     .3141534    .7517901
    pid_d_13 |   .1617343   .2392522     0.68   0.500      -.31009    .6335586
    pid_d_14 |   .1796082   .2358996     0.76   0.447    -.2856044    .6448209
    pid_d_15 |    .528748   .1225953     4.31   0.000     .2869804    .7705157
    pid_d_16 |   .3353961   .2218008     1.51   0.132    -.1020125    .7728048
    pid_d_17 |   .1530266   .2068783     0.74   0.460    -.2549538     .561007
    pid_d_18 |   .0899037   .2159326     0.42   0.678    -.3359324    .5157398
    pid_d_19 |   .2699913   .1384113     1.95   0.053    -.0029667    .5429494
    pid_d_20 |   .7097013    .202529     3.50   0.001     .3102981    1.109105
    pid_d_21 |   .3415687   .2074529     1.65   0.101    -.0675449    .7506822
    pid_d_22 |   .3357404   .2267794     1.48   0.140    -.1114866    .7829673
    pid_d_23 |   .2307644   .2501747     0.92   0.357    -.2625999    .7241286
    pid_d_24 |   .2077521   .1542226     1.35   0.179    -.0963871    .5118912
    pid_d_25 |   .2031697   .2456935     0.83   0.409    -.2813573    .6876967
    pid_d_26 |   .3702679   .1776895     2.08   0.038     .0198502    .7206857
    pid_d_27 |   .4257891   .1952907     2.18   0.030     .0406603    .8109179
    pid_d_28 |   .2270407   .2069427     1.10   0.274    -.1810666    .6351479
    pid_d_29 |   1.028491   .2421169     4.25   0.000     .5510172    1.505964
    pid_d_30 |   .4573976    .224581     2.04   0.043     .0145062     .900289
    year_d_2 |   .0184218   .0151429     1.22   0.225    -.0114412    .0482849
    year_d_3 |   .0384594   .0179186     2.15   0.033     .0031225    .0737964
    year_d_4 |   .0480189   .0237288     2.02   0.044     .0012239    .0948139
    year_d_5 |   .0861015   .0282791     3.04   0.003     .0303329      .14187
    year_d_6 |   .1036309   .0337227     3.07   0.002      .037127    .1701348
    year_d_7 |   .1063906   .0368801     2.88   0.004     .0336602    .1791209
    year_d_8 |   .1393039    .037318     3.73   0.000       .06571    .2128979
       _cons |   .9027753   .4226696     2.14   0.034     .0692374    1.736313
------------------------------------------------------------------------------


Diagnostic tests for spatial dependence in OLS regression


Fitted model
------------------------------------------------------------
eff = lntl + ind + urb + rd + open + es + pid_d_2 +
      pid_d_3 + pid_d_4 + pid_d_5 + pid_d_6 + pid_d_7 +
      pid_d_8 + pid_d_9 + pid_d_10 + pid_d_11 +
      pid_d_12 + pid_d_13 + pid_d_14 + pid_d_15 +
      pid_d_16 + pid_d_17 + pid_d_18 + pid_d_19 +
      pid_d_20 + pid_d_21 + pid_d_22 + pid_d_23 +
      pid_d_24 + pid_d_25 + pid_d_26 + pid_d_27 +
      pid_d_28 + pid_d_29 + pid_d_30 + year_d_2 +
      year_d_3 + year_d_4 + year_d_5 + year_d_6 +
      year_d_7 + year_d_8
------------------------------------------------------------

Weights matrix
------------------------------------------------------------
Name: __000001
Type: Imported (non-binary)
Row-standardized: Yes
------------------------------------------------------------

Diagnostics
------------------------------------------------------------
Test                           |  Statistic    df   p-value
-------------------------------+----------------------------
Spatial error:                 |
  Moran's I                    |    -0.254      1    1.200
  Lagrange multiplier          |     2.647      1    0.104
  Robust Lagrange multiplier   |     1.908      1    0.167
                               |
Spatial lag:                   |
  Lagrange multiplier          |     0.951      1    0.330
  Robust Lagrange multiplier   |     0.211      1    0.646
------------------------------------------------------------



matrices:
              r(stats) :  5 x 3

r(stats)[5,3]
              stat          df     p-value
 Moran  -.25361691           1   1.2002085
 LMerr   2.6471326           1   .10373686
RLMerr   1.9077614           1   .16721214
 LMlag   .95053501           1   .32958315
RLMlag   .21116378           1   .64585677
      name:  lm_economic_geo_nested
       log:  C:/Users/abc0x7f/Desktop/PRO/计算机设计大赛/outputs/空间分析/滞后
> 一期/30_空间权重矩阵检验/stata/LM_economic_geo_nested.log
  log type:  text
 closed on:   7 May 2026, 23:07:12
-------------------------------------------------------------------------------
