-------------------------------------------------------------------------------
      name:  sdm_geographic_inv
       log:  C:/Users/abc0x7f/Desktop/PRO/统计建模/outputs/空间分析/滞后一期/30
> _空间权重矩阵检验/stata/模型结果_geographic_inv.log
  log type:  text
 opened on:   4 Jun 2026, 04:04:35
============================================
矩阵：地理距离倒数矩阵（省会版） (geographic_inv)
SDM 个体 / 时间 / 双固定估计
============================================
(results ind_geographic_inv are active now)
------------------------------------------------------------------------------
         eff | Coefficient  Std. err.      z    P>|z|     [95% conf. interval]
-------------+----------------------------------------------------------------
Main         |
        lntl |   .1450543   .0796542     1.82   0.069    -.0110651    .3011736
         ind |   .0494155   .1209283     0.41   0.683    -.1875996    .2864306
         urb |  -1.638819   .4406079    -3.72   0.000    -2.502395   -.7752434
          rd |   7.539274    2.52039     2.99   0.003     2.599401    12.47915
        open |   .4374408    .103908     4.21   0.000     .2337848    .6410968
          es |  -.1011255   .1325705    -0.76   0.446    -.3609589    .1587079
-------------+----------------------------------------------------------------
Wx           |
        lntl |  -.0376138   .1262356    -0.30   0.766     -.285031    .2098033
         ind |  -.2559773   .4613388    -0.55   0.579    -1.160185    .6482302
         urb |   .0980794   1.594454     0.06   0.951    -3.026992    3.223151
          rd |   15.75318   8.193002     1.92   0.055    -.3048044    31.81117
        open |   .2823362   .4347076     0.65   0.516     -.569675    1.134347
          es |  -.1684487   .6941357    -0.24   0.808     -1.52893    1.192032
-------------+----------------------------------------------------------------
Spatial      |
         rho |   .0264506   .2053619     0.13   0.898    -.3760514    .4289526
-------------+----------------------------------------------------------------
Variance     |
    sigma2_e |   .0022405   .0002045    10.95   0.000     .0018396    .0026414
------------------------------------------------------------------------------
(results time_geographic_inv are active now)
------------------------------------------------------------------------------
         eff | Coefficient  Std. err.      z    P>|z|     [95% conf. interval]
-------------+----------------------------------------------------------------
Main         |
        lntl |   .0474465   .0546266     0.87   0.385    -.0596196    .1545126
         ind |  -.3091557   .1801562    -1.72   0.086    -.6622553    .0439439
         urb |   .3700946   .2257142     1.64   0.101    -.0722971    .8124864
          rd |   2.730569   1.837656     1.49   0.137    -.8711712     6.33231
        open |  -.1383505   .1505608    -0.92   0.358    -.4334442    .1567432
          es |  -.8711101   .1221362    -7.13   0.000    -1.110493   -.6317276
-------------+----------------------------------------------------------------
Wx           |
        lntl |   1.019644   .3697111     2.76   0.006     .2950236    1.744264
         ind |    -4.0509   1.168325    -3.47   0.001    -6.340775   -1.761025
         urb |  -8.562998   1.344381    -6.37   0.000    -11.19794    -5.92806
          rd |    22.2784   14.99522     1.49   0.137    -7.111688     51.6685
        open |  -.6264086    .892504    -0.70   0.483    -2.375684    1.122867
          es |    1.97783   1.436798     1.38   0.169    -.8382419    4.793902
-------------+----------------------------------------------------------------
Spatial      |
         rho |  -.5906432   .2879626    -2.05   0.040     -1.15504   -.0262468
-------------+----------------------------------------------------------------
Variance     |
    sigma2_e |   .0202668   .0018694    10.84   0.000     .0166029    .0239307
------------------------------------------------------------------------------
(results both_geographic_inv are active now)
------------------------------------------------------------------------------
         eff | Coefficient  Std. err.      z    P>|z|     [95% conf. interval]
-------------+----------------------------------------------------------------
Main         |
        lntl |    .087415   .0826541     1.06   0.290    -.0745841    .2494142
         ind |   .1555363   .1328553     1.17   0.242    -.1048553    .4159279
         urb |  -1.120688   .4501473    -2.49   0.013    -2.002961   -.2384157
          rd |   6.424746   2.459331     2.61   0.009     1.604546    11.24495
        open |   .4745595    .105538     4.50   0.000     .2677088    .6814102
          es |  -.0000464   .1360973    -0.00   1.000    -.2667921    .2666993
-------------+----------------------------------------------------------------
Wx           |
        lntl |    1.00746   .4547228     2.22   0.027     .1162201    1.898701
         ind |   1.080167   .7883819     1.37   0.171    -.4650329    2.625367
         urb |  -4.246343   2.241314    -1.89   0.058    -8.639237    .1465511
          rd |   1.977588   15.71224     0.13   0.900    -28.81785    32.77302
        open |   1.555048   .6302576     2.47   0.014     .3197656     2.79033
          es |   1.410748   1.191728     1.18   0.236    -.9249967    3.746493
-------------+----------------------------------------------------------------
Spatial      |
         rho |  -.3692547   .2640287    -1.40   0.162    -.8867413     .148232
-------------+----------------------------------------------------------------
Variance     |
    sigma2_e |    .002036   .0001855    10.97   0.000     .0016724    .0023996
------------------------------------------------------------------------------
--------------------------------------------
LR 检验
--------------------------------------------

Likelihood-ratio test
Assumption: ind_geograph~v nested within both_geograp~v

 LR chi2(7) =  19.96
Prob > chi2 = 0.0057

Likelihood-ratio test
Assumption: time_geograp~v nested within both_geograp~v

LR chi2(29) = 552.23
Prob > chi2 = 0.0000
--------------------------------------------
Wald 检验
--------------------------------------------

 ( 1)  [Wx]lntl = 0
 ( 2)  [Wx]ind = 0
 ( 3)  [Wx]urb = 0
 ( 4)  [Wx]rd = 0
 ( 5)  [Wx]open = 0
 ( 6)  [Wx]es = 0

           chi2(  6) =   17.87
         Prob > chi2 =    0.0066

  (1)  [Wx]lntl = -[Spatial]rho*[Main]lntl
  (2)  [Wx]ind = -[Spatial]rho*[Main]ind
  (3)  [Wx]urb = -[Spatial]rho*[Main]urb
  (4)  [Wx]rd = -[Spatial]rho*[Main]rd
  (5)  [Wx]open = -[Spatial]rho*[Main]open
  (6)  [Wx]es = -[Spatial]rho*[Main]es

               chi2(6) =       16.76
           Prob > chi2 =        0.0102
      name:  sdm_geographic_inv
       log:  C:/Users/abc0x7f/Desktop/PRO/统计建模/outputs/空间分析/滞后一期/30
> _空间权重矩阵检验/stata/模型结果_geographic_inv.log
  log type:  text
 closed on:   4 Jun 2026, 04:04:38
-------------------------------------------------------------------------------
