-------------------------------------------------------------------------------
      name:  sdm_adjacency_01
       log:  C:/Users/abc0x7f/Desktop/PRO/统计建模/outputs/空间分析/滞后一期/30
> _空间权重矩阵检验/stata/模型结果_adjacency_01.log
  log type:  text
 opened on:   4 Jun 2026, 04:04:29
============================================
矩阵：0-1邻接矩阵 (adjacency_01)
SDM 个体 / 时间 / 双固定估计
============================================
(results ind_adjacency_01 are active now)
------------------------------------------------------------------------------
         eff | Coefficient  Std. err.      z    P>|z|     [95% conf. interval]
-------------+----------------------------------------------------------------
Main         |
        lntl |   .2319088   .0977499     2.37   0.018     .0403224    .4234952
         ind |   .0853535   .1111335     0.77   0.442    -.1324643    .3031712
         urb |  -1.630488   .4429225    -3.68   0.000      -2.4986   -.7623761
          rd |   8.017201   2.517941     3.18   0.001     3.082128    12.95227
        open |   .4658829   .0932633     5.00   0.000     .2830902    .6486757
          es |   .0262748   .1323847     0.20   0.843    -.2331945    .2857441
-------------+----------------------------------------------------------------
Wx           |
        lntl |    -.14306   .1090237    -1.31   0.189    -.3567426    .0706225
         ind |  -.2184056   .1943708    -1.12   0.261    -.5993655    .1625542
         urb |   1.228705   .5868976     2.09   0.036     .0784068    2.379003
          rd |   5.391645   4.196686     1.28   0.199    -2.833709      13.617
        open |    .525594   .1558622     3.37   0.001     .2201097    .8310783
          es |   .1123718   .2190885     0.51   0.608    -.3170338    .5417774
-------------+----------------------------------------------------------------
Spatial      |
         rho |   .1651038   .0894549     1.85   0.065    -.0102245    .3404321
-------------+----------------------------------------------------------------
Variance     |
    sigma2_e |   .0020984   .0001921    10.92   0.000     .0017218     .002475
------------------------------------------------------------------------------
(results time_adjacency_01 are active now)
------------------------------------------------------------------------------
         eff | Coefficient  Std. err.      z    P>|z|     [95% conf. interval]
-------------+----------------------------------------------------------------
Main         |
        lntl |  -.0954556   .0528404    -1.81   0.071     -.199021    .0081097
         ind |  -.1491161   .1671179    -0.89   0.372    -.4766612     .178429
         urb |    1.03756   .2536876     4.09   0.000     .5403418    1.534779
          rd |   7.419933   1.776869     4.18   0.000     3.937335    10.90253
        open |  -.3240331   .1324385    -2.45   0.014    -.5836078   -.0644585
          es |  -.7376178   .1160477    -6.36   0.000    -.9650671   -.5101685
-------------+----------------------------------------------------------------
Wx           |
        lntl |   .1154119   .1029399     1.12   0.262    -.0863466    .3171704
         ind |  -1.457303   .3326199    -4.38   0.000    -2.109226   -.8053795
         urb |  -1.957908   .3821047    -5.12   0.000    -2.706819   -1.208996
          rd |  -7.816717   4.342316    -1.80   0.072     -16.3275     .694067
        open |   .8845913   .1891388     4.68   0.000      .513886    1.255297
          es |  -.5882622   .2493061    -2.36   0.018    -1.076893   -.0996313
-------------+----------------------------------------------------------------
Spatial      |
         rho |  -.2433157   .1024131    -2.38   0.018    -.4440416   -.0425897
-------------+----------------------------------------------------------------
Variance     |
    sigma2_e |   .0191429   .0017613    10.87   0.000     .0156908     .022595
------------------------------------------------------------------------------
(results both_adjacency_01 are active now)
------------------------------------------------------------------------------
         eff | Coefficient  Std. err.      z    P>|z|     [95% conf. interval]
-------------+----------------------------------------------------------------
Main         |
        lntl |   .2371704   .0960258     2.47   0.014     .0489633    .4253776
         ind |   .1576973   .1205552     1.31   0.191    -.0785864    .3939811
         urb |  -1.763081   .4390245    -4.02   0.000    -2.623553   -.9026086
          rd |   5.741958   2.553077     2.25   0.025     .7380199     10.7459
        open |   .5396714    .096126     5.61   0.000      .351268    .7280748
          es |   .0506579   .1331172     0.38   0.704    -.2102471    .3115629
-------------+----------------------------------------------------------------
Wx           |
        lntl |  -.0521014   .1321354    -0.39   0.693    -.3110821    .2068793
         ind |   .0638946   .2561766     0.25   0.803    -.4382022    .5659915
         urb |    -.37286   .7840259    -0.48   0.634    -1.909523    1.163803
          rd |  -2.744344   5.685686    -0.48   0.629    -13.88808    8.399395
        open |   .6843501   .1716356     3.99   0.000     .3479506     1.02075
          es |   .2016452   .2647848     0.76   0.446    -.3173235    .7206138
-------------+----------------------------------------------------------------
Spatial      |
         rho |   .0764798   .0943074     0.81   0.417    -.1083594     .261319
-------------+----------------------------------------------------------------
Variance     |
    sigma2_e |   .0019974   .0001825    10.94   0.000     .0016397    .0023551
------------------------------------------------------------------------------
--------------------------------------------
LR 检验
--------------------------------------------

Likelihood-ratio test
Assumption: ind_adjacen~01 nested within both_adjace~01

 LR chi2(7) =  13.11
Prob > chi2 = 0.0695

Likelihood-ratio test
Assumption: time_adjace~01 nested within both_adjace~01

LR chi2(29) = 544.97
Prob > chi2 = 0.0000
--------------------------------------------
Wald 检验
--------------------------------------------

 ( 1)  [Wx]lntl = 0
 ( 2)  [Wx]ind = 0
 ( 3)  [Wx]urb = 0
 ( 4)  [Wx]rd = 0
 ( 5)  [Wx]open = 0
 ( 6)  [Wx]es = 0

           chi2(  6) =   21.70
         Prob > chi2 =    0.0014

  (1)  [Wx]lntl = -[Spatial]rho*[Main]lntl
  (2)  [Wx]ind = -[Spatial]rho*[Main]ind
  (3)  [Wx]urb = -[Spatial]rho*[Main]urb
  (4)  [Wx]rd = -[Spatial]rho*[Main]rd
  (5)  [Wx]open = -[Spatial]rho*[Main]open
  (6)  [Wx]es = -[Spatial]rho*[Main]es

               chi2(6) =       24.09
           Prob > chi2 =        0.0005
      name:  sdm_adjacency_01
       log:  C:/Users/abc0x7f/Desktop/PRO/统计建模/outputs/空间分析/滞后一期/30
> _空间权重矩阵检验/stata/模型结果_adjacency_01.log
  log type:  text
 closed on:   4 Jun 2026, 04:04:32
-------------------------------------------------------------------------------
