-------------------------------------------------------------------------------
      name:  sdm_economic_inv
       log:  C:/Users/abc0x7f/Desktop/PRO/统计建模/outputs/空间分析/滞后一期/30
> _空间权重矩阵检验/stata/模型结果_economic_inv.log
  log type:  text
 opened on:   4 Jun 2026, 04:04:33
============================================
矩阵：经济倒数权重矩阵 (economic_inv)
SDM 个体 / 时间 / 双固定估计
============================================
(results ind_economic_inv are active now)
------------------------------------------------------------------------------
         eff | Coefficient  Std. err.      z    P>|z|     [95% conf. interval]
-------------+----------------------------------------------------------------
Main         |
        lntl |   .0337416   .0748911     0.45   0.652    -.1130423    .1805254
         ind |   .0806517   .1129019     0.71   0.475    -.1406319    .3019353
         urb |  -2.032242   .3311429    -6.14   0.000     -2.68127   -1.383214
          rd |   7.502417   2.348254     3.19   0.001     2.899925    12.10491
        open |   .4418439   .0912588     4.84   0.000       .26298    .6207079
          es |  -.0984937    .131284    -0.75   0.453    -.3558056    .1588182
-------------+----------------------------------------------------------------
Wx           |
        lntl |   .0533654   .0979263     0.54   0.586    -.1385666    .2452974
         ind |  -.3140773   .2426386    -1.29   0.196    -.7896402    .1614856
         urb |  -.1580434   .5931142    -0.27   0.790    -1.320526    1.004439
          rd |   14.20121   5.010885     2.83   0.005      4.38006    24.02237
        open |  -.3205343   .2141286    -1.50   0.134    -.7402187      .09915
          es |  -.8582442   .2910993    -2.95   0.003    -1.428788   -.2877001
-------------+----------------------------------------------------------------
Spatial      |
         rho |   .0352262   .1114257     0.32   0.752    -.1831641    .2536164
-------------+----------------------------------------------------------------
Variance     |
    sigma2_e |   .0020675   .0001888    10.95   0.000     .0016976    .0024375
------------------------------------------------------------------------------
(results time_economic_inv are active now)
------------------------------------------------------------------------------
         eff | Coefficient  Std. err.      z    P>|z|     [95% conf. interval]
-------------+----------------------------------------------------------------
Main         |
        lntl |  -.0437154   .0443902    -0.98   0.325    -.1307186    .0432879
         ind |   .0952676   .1495556     0.64   0.524     -.197856    .3883912
         urb |   .4632492   .2319547     2.00   0.046     .0086263     .917872
          rd |   3.233805   1.568823     2.06   0.039     .1589684    6.308642
        open |  -.0497111   .1091218    -0.46   0.649     -.263586    .1641638
          es |  -.8761348   .1036149    -8.46   0.000    -1.079216   -.6730534
-------------+----------------------------------------------------------------
Wx           |
        lntl |   .1714212   .1214435     1.41   0.158    -.0666038    .4094461
         ind |   1.201781   .4301993     2.79   0.005     .3586056    2.044956
         urb |   .3856135    .527424     0.73   0.465    -.6481186    1.419346
          rd |  -6.395286   4.157982    -1.54   0.124    -14.54478    1.754209
        open |  -.6711767   .2641165    -2.54   0.011    -1.188835   -.1535179
          es |   -.422164     .31907    -1.32   0.186     -1.04753    .2032017
-------------+----------------------------------------------------------------
Spatial      |
         rho |   .6081785   .0831901     7.31   0.000     .4451289     .771228
-------------+----------------------------------------------------------------
Variance     |
    sigma2_e |   .0175109   .0016568    10.57   0.000     .0142635    .0207582
------------------------------------------------------------------------------
(results both_economic_inv are active now)
------------------------------------------------------------------------------
         eff | Coefficient  Std. err.      z    P>|z|     [95% conf. interval]
-------------+----------------------------------------------------------------
Main         |
        lntl |   .0565875   .0733948     0.77   0.441    -.0872637    .2004387
         ind |   .0288408   .1228973     0.23   0.814    -.2120335    .2697151
         urb |  -1.848884   .3350064    -5.52   0.000    -2.505484   -1.192283
          rd |   5.884344   2.460755     2.39   0.017     1.061353    10.70733
        open |   .4315746   .0948568     4.55   0.000     .2456586    .6174905
          es |  -.0715946   .1298054    -0.55   0.581    -.3260084    .1828193
-------------+----------------------------------------------------------------
Wx           |
        lntl |   .6081349    .202077     3.01   0.003     .2120712    1.004199
         ind |  -.2263142     .32681    -0.69   0.489      -.86685    .4142216
         urb |   .5605037   .9133755     0.61   0.539    -1.229679    2.350687
          rd |   5.489396   6.577801     0.83   0.404    -7.402856    18.38165
        open |  -.2779968   .2682458    -1.04   0.300     -.803749    .2477554
          es |  -1.080763    .311989    -3.46   0.001     -1.69225   -.4692753
-------------+----------------------------------------------------------------
Spatial      |
         rho |  -.0489679   .1163002    -0.42   0.674    -.2769121    .1789764
-------------+----------------------------------------------------------------
Variance     |
    sigma2_e |   .0019539   .0001784    10.95   0.000     .0016042    .0023036
------------------------------------------------------------------------------
--------------------------------------------
LR 检验
--------------------------------------------

Likelihood-ratio test
Assumption: ind_economic~v nested within both_economi~v

 LR chi2(7) =  13.53
Prob > chi2 = 0.0603

Likelihood-ratio test
Assumption: time_economi~v nested within both_economi~v

LR chi2(29) = 547.78
Prob > chi2 = 0.0000
--------------------------------------------
Wald 检验
--------------------------------------------

 ( 1)  [Wx]lntl = 0
 ( 2)  [Wx]ind = 0
 ( 3)  [Wx]urb = 0
 ( 4)  [Wx]rd = 0
 ( 5)  [Wx]open = 0
 ( 6)  [Wx]es = 0

           chi2(  6) =   31.63
         Prob > chi2 =    0.0000

  (1)  [Wx]lntl = -[Spatial]rho*[Main]lntl
  (2)  [Wx]ind = -[Spatial]rho*[Main]ind
  (3)  [Wx]urb = -[Spatial]rho*[Main]urb
  (4)  [Wx]rd = -[Spatial]rho*[Main]rd
  (5)  [Wx]open = -[Spatial]rho*[Main]open
  (6)  [Wx]es = -[Spatial]rho*[Main]es

               chi2(6) =       31.52
           Prob > chi2 =        0.0000
      name:  sdm_economic_inv
       log:  C:/Users/abc0x7f/Desktop/PRO/统计建模/outputs/空间分析/滞后一期/30
> _空间权重矩阵检验/stata/模型结果_economic_inv.log
  log type:  text
 closed on:   4 Jun 2026, 04:04:35
-------------------------------------------------------------------------------
