-------------------------------------------------------------------------------
      name:  sdm_economic_geo_nested
       log:  C:/Users/abc0x7f/Desktop/PRO/统计建模/outputs/空间分析/滞后一期/30
> _空间权重矩阵检验/stata/模型结果_economic_geo_nested.log
  log type:  text
 opened on:   4 Jun 2026, 04:04:38
============================================
矩阵：经济地理嵌套矩阵（省会版） (economic_geo_nested)
SDM 个体 / 时间 / 双固定估计
============================================
(results ind_economic_geo_nested are active now)
------------------------------------------------------------------------------
         eff | Coefficient  Std. err.      z    P>|z|     [95% conf. interval]
-------------+----------------------------------------------------------------
Main         |
        lntl |     .10548   .0808531     1.30   0.192    -.0529891    .2639491
         ind |    .047405   .1191201     0.40   0.691    -.1860661    .2808762
         urb |  -1.595904   .4132473    -3.86   0.000    -2.405854   -.7859538
          rd |    6.93336   2.501124     2.77   0.006     2.031247    11.83547
        open |   .4232188   .0992986     4.26   0.000     .2285971    .6178405
          es |  -.0861443    .132228    -0.65   0.515    -.3453064    .1730179
-------------+----------------------------------------------------------------
Wx           |
        lntl |  -.0213467   .1239375    -0.17   0.863    -.2642598    .2215663
         ind |  -.5781438   .4754271    -1.22   0.224    -1.509964    .3536761
         urb |   -1.12846   1.458903    -0.77   0.439    -3.987858    1.730937
          rd |     20.466   8.220422     2.49   0.013     4.354266    36.57773
        open |   .1717261   .4239039     0.41   0.685    -.6591104    1.002563
          es |  -.6771129   .6445095    -1.05   0.293    -1.940328    .5861025
-------------+----------------------------------------------------------------
Spatial      |
         rho |   .0445596   .2061715     0.22   0.829    -.3595291    .4486484
-------------+----------------------------------------------------------------
Variance     |
    sigma2_e |   .0021973   .0002006    10.95   0.000     .0018041    .0025905
------------------------------------------------------------------------------
(results time_economic_geo_nested are active now)
------------------------------------------------------------------------------
         eff | Coefficient  Std. err.      z    P>|z|     [95% conf. interval]
-------------+----------------------------------------------------------------
Main         |
        lntl |   .0201188   .0554922     0.36   0.717    -.0886438    .1288814
         ind |  -.0483672   .1820713    -0.27   0.791    -.4052204     .308486
         urb |   .1259737   .2059757     0.61   0.541    -.2777313    .5296788
          rd |   2.174936   1.963495     1.11   0.268    -1.673444    6.023315
        open |  -.0342621   .1321401    -0.26   0.795    -.2932519    .2247278
          es |   -1.03825     .11567    -8.98   0.000    -1.264959   -.8115408
-------------+----------------------------------------------------------------
Wx           |
        lntl |   1.048994   .3224698     3.25   0.001     .4169643    1.681023
         ind |  -2.499477   1.063451    -2.35   0.019    -4.583803   -.4151516
         urb |  -8.346601   1.290449    -6.47   0.000    -10.87583   -5.817368
          rd |   31.15262   13.08567     2.38   0.017     5.505185    56.80005
        open |  -2.749834   .8064097    -3.41   0.001    -4.330368     -1.1693
          es |  -3.121689    .936481    -3.33   0.001    -4.957158    -1.28622
-------------+----------------------------------------------------------------
Spatial      |
         rho |   -.062285   .2425922    -0.26   0.797     -.537757    .4131869
-------------+----------------------------------------------------------------
Variance     |
    sigma2_e |   .0207808   .0018977    10.95   0.000     .0170614    .0245002
------------------------------------------------------------------------------
(results both_economic_geo_nested are active now)
------------------------------------------------------------------------------
         eff | Coefficient  Std. err.      z    P>|z|     [95% conf. interval]
-------------+----------------------------------------------------------------
Main         |
        lntl |   .0135445   .0849218     0.16   0.873     -.152899    .1799881
         ind |   .1343784   .1323901     1.02   0.310    -.1251015    .3938583
         urb |  -1.088977   .4357143    -2.50   0.012    -1.942961   -.2349923
          rd |   6.398401   2.472139     2.59   0.010     1.553098     11.2437
        open |   .4852644   .1007287     4.82   0.000     .2878398     .682689
          es |  -.0199664    .132845    -0.15   0.881    -.2803377     .240405
-------------+----------------------------------------------------------------
Wx           |
        lntl |   1.141832   .4485507     2.55   0.011     .2626892    2.020975
         ind |   .7933156   .8137053     0.97   0.330    -.8015175    2.388149
         urb |  -3.701888   2.211922    -1.67   0.094    -8.037175    .6333995
          rd |   21.82807   16.17862     1.35   0.177    -9.881437    53.53758
        open |   1.478537   .6290166     2.35   0.019     .2456876    2.711387
          es |  -.0473615   .8919592    -0.05   0.958    -1.795569    1.700847
-------------+----------------------------------------------------------------
Spatial      |
         rho |  -.1724968   .2423006    -0.71   0.477    -.6473973    .3024037
-------------+----------------------------------------------------------------
Variance     |
    sigma2_e |   .0020462   .0001874    10.92   0.000     .0016789    .0024135
------------------------------------------------------------------------------
--------------------------------------------
LR 检验
--------------------------------------------

Likelihood-ratio test
Assumption: ind_economic~d nested within both_economi~d

 LR chi2(7) =  17.21
Prob > chi2 = 0.0161

Likelihood-ratio test
Assumption: time_economi~d nested within both_economi~d

LR chi2(29) = 556.43
Prob > chi2 = 0.0000
--------------------------------------------
Wald 检验
--------------------------------------------

 ( 1)  [Wx]lntl = 0
 ( 2)  [Wx]ind = 0
 ( 3)  [Wx]urb = 0
 ( 4)  [Wx]rd = 0
 ( 5)  [Wx]open = 0
 ( 6)  [Wx]es = 0

           chi2(  6) =   19.24
         Prob > chi2 =    0.0038

  (1)  [Wx]lntl = -[Spatial]rho*[Main]lntl
  (2)  [Wx]ind = -[Spatial]rho*[Main]ind
  (3)  [Wx]urb = -[Spatial]rho*[Main]urb
  (4)  [Wx]rd = -[Spatial]rho*[Main]rd
  (5)  [Wx]open = -[Spatial]rho*[Main]open
  (6)  [Wx]es = -[Spatial]rho*[Main]es

               chi2(6) =       19.35
           Prob > chi2 =        0.0036
      name:  sdm_economic_geo_nested
       log:  C:/Users/abc0x7f/Desktop/PRO/统计建模/outputs/空间分析/滞后一期/30
> _空间权重矩阵检验/stata/模型结果_economic_geo_nested.log
  log type:  text
 closed on:   4 Jun 2026, 04:04:41
-------------------------------------------------------------------------------
