-------------------------------------------------------------------------------
      name:  lm_adjacency_01
       log:  C:/Users/abc0x7f/Desktop/PRO/统计建模/outputs/空间分析/baseline/30
> _空间权重矩阵检验/stata/LM_adjacency_01.log
  log type:  text
 opened on:  31 May 2026, 17:00:14
============================================
矩阵：0-1邻接矩阵 (adjacency_01)
LM / Robust LM 检验
============================================

      Source |       SS           df       MS      Number of obs   =       240
-------------+----------------------------------   F(42, 197)      =    105.90
       Model |  11.8401098        42  .281907376   Prob > F        =    0.0000
    Residual |  .524430309       197  .002662083   R-squared       =    0.9576
-------------+----------------------------------   Adj R-squared   =    0.9485
       Total |  12.3645401       239  .051734477   Root MSE        =     .0516

------------------------------------------------------------------------------
         eff | Coefficient  Std. err.      t    P>|t|     [95% conf. interval]
-------------+----------------------------------------------------------------
        lntl |   .1873389   .0650173     2.88   0.004     .0591197    .3155582
         ind |   .0971539   .1312488     0.74   0.460    -.1616791    .3559868
         urb |  -1.845003    .392393    -4.70   0.000    -2.618833   -1.071173
          rd |    6.32369   2.825016     2.24   0.026     .7525348    11.89485
        open |   .4549705   .1055996     4.31   0.000     .2467198    .6632212
          es |  -.1255852   .1448503    -0.87   0.387    -.4112414    .1600709
     pid_d_2 |   .0735905   .2513277     0.29   0.770    -.4220477    .5692287
     pid_d_3 |   .5019754    .214677     2.34   0.020     .0786154    .9253353
     pid_d_4 |   .4878161   .1123941     4.34   0.000      .266166    .7094663
     pid_d_5 |   .3610571   .2125529     1.70   0.091     -.058114    .7802283
     pid_d_6 |   .2280091    .230867     0.99   0.325    -.2272789     .683297
     pid_d_7 |   .5195679     .07988     6.50   0.000     .3620381    .6770976
     pid_d_8 |   .5150242   .2017922     2.55   0.011      .117074    .9129744
     pid_d_9 |   .0965234   .2037701     0.47   0.636    -.3053272    .4983741
    pid_d_10 |   .2490575   .1750138     1.42   0.156    -.0960836    .5941986
    pid_d_11 |   .2619548    .207004     1.27   0.207    -.1462735    .6701831
    pid_d_12 |   .6189823   .1349536     4.59   0.000     .3528431    .8851215
    pid_d_13 |   .1292867    .235172     0.55   0.583     -.334491    .5930644
    pid_d_14 |   .1969795   .2425738     0.81   0.418    -.2813952    .6753542
    pid_d_15 |   .5204038   .1223547     4.25   0.000     .2791107    .7616969
    pid_d_16 |    .302557   .2172477     1.39   0.165    -.1258727    .7309866
    pid_d_17 |   .1400675   .2066478     0.68   0.499    -.2674584    .5475934
    pid_d_18 |   .0801177   .2163354     0.37   0.712    -.3465127    .5067481
    pid_d_19 |   .2600491   .1381206     1.88   0.061    -.0123357    .5324339
    pid_d_20 |   .7710381   .2156043     3.58   0.000     .3458493    1.196227
    pid_d_21 |   .3165599   .2045484     1.55   0.123    -.0868258    .7199455
    pid_d_22 |    .299275   .2213967     1.35   0.178    -.1373368    .7358868
    pid_d_23 |   .2181472   .2506632     0.87   0.385    -.2761803    .7124748
    pid_d_24 |   .2734275   .1712636     1.60   0.112    -.0643178    .6111728
    pid_d_25 |    .182105   .2441623     0.75   0.457    -.2994025    .6636124
    pid_d_26 |   .3314842   .1706915     1.94   0.054    -.0051329    .6681014
    pid_d_27 |   .3697714   .1840371     2.01   0.046     .0068358     .732707
    pid_d_28 |   .2030221   .2042746     0.99   0.322    -.1998236    .6058678
    pid_d_29 |   .9992772   .2387517     4.19   0.000       .52844    1.470114
    pid_d_30 |   .4014247   .2142646     1.87   0.062    -.0211221    .8239714
    year_d_2 |   .0202891   .0151603     1.34   0.182    -.0096083    .0501865
    year_d_3 |   .0119794    .020181     0.59   0.553    -.0278191    .0517779
    year_d_4 |   .0457473   .0241842     1.89   0.060    -.0019458    .0934404
    year_d_5 |   .0811197   .0290825     2.79   0.006     .0237667    .1384727
    year_d_6 |    .097305   .0346879     2.81   0.006     .0288977    .1657123
    year_d_7 |   .1264788   .0349097     3.62   0.000     .0576341    .1953236
    year_d_8 |   .1415161    .037246     3.80   0.000     .0680641    .2149681
       _cons |   .8996201   .4262052     2.11   0.036     .0591098     1.74013
------------------------------------------------------------------------------


Diagnostic tests for spatial dependence in OLS regression


Fitted model
------------------------------------------------------------
eff = lntl + ind + urb + rd + open + es + pid_d_2 +
      pid_d_3 + pid_d_4 + pid_d_5 + pid_d_6 + pid_d_7 +
      pid_d_8 + pid_d_9 + pid_d_10 + pid_d_11 +
      pid_d_12 + pid_d_13 + pid_d_14 + pid_d_15 +
      pid_d_16 + pid_d_17 + pid_d_18 + pid_d_19 +
      pid_d_20 + pid_d_21 + pid_d_22 + pid_d_23 +
      pid_d_24 + pid_d_25 + pid_d_26 + pid_d_27 +
      pid_d_28 + pid_d_29 + pid_d_30 + year_d_2 +
      year_d_3 + year_d_4 + year_d_5 + year_d_6 +
      year_d_7 + year_d_8
------------------------------------------------------------

Weights matrix
------------------------------------------------------------
Name: __000001
Type: Imported (non-binary)
Row-standardized: Yes
------------------------------------------------------------

Diagnostics
------------------------------------------------------------
Test                           |  Statistic    df   p-value
-------------------------------+----------------------------
Spatial error:                 |
  Moran's I                    |     2.397      1    0.017
  Lagrange multiplier          |     2.644      1    0.104
  Robust Lagrange multiplier   |     1.919      1    0.166
                               |
Spatial lag:                   |
  Lagrange multiplier          |     1.083      1    0.298
  Robust Lagrange multiplier   |     0.358      1    0.550
------------------------------------------------------------



matrices:
              r(stats) :  5 x 3

r(stats)[5,3]
             stat         df    p-value
 Moran  2.3965509          1  .01655019
 LMerr  2.6440734          1  .10393675
RLMerr  1.9188878          1  .16597932
 LMlag  1.0830424          1  .29801794
RLMlag  .35785689          1  .54969888
      name:  lm_adjacency_01
       log:  C:/Users/abc0x7f/Desktop/PRO/统计建模/outputs/空间分析/baseline/30
> _空间权重矩阵检验/stata/LM_adjacency_01.log
  log type:  text
 closed on:  31 May 2026, 17:00:16
-------------------------------------------------------------------------------
