-------------------------------------------------------------------------------
      name:  sdm_geographic_inv
       log:  C:/Users/abc0x7f/Desktop/PRO/统计建模/outputs/空间分析/baseline/30
> _空间权重矩阵检验/stata/模型结果_geographic_inv.log
  log type:  text
 opened on:   4 Jun 2026, 03:58:12
============================================
矩阵：地理距离倒数矩阵（省会版） (geographic_inv)
SDM 个体 / 时间 / 双固定估计
============================================
(results ind_geographic_inv are active now)
------------------------------------------------------------------------------
         eff | Coefficient  Std. err.      z    P>|z|     [95% conf. interval]
-------------+----------------------------------------------------------------
Main         |
        lntl |   .1549837   .0667971     2.32   0.020     .0240638    .2859037
         ind |   .0391986   .1182321     0.33   0.740     -.192532    .2709292
         urb |  -1.499678   .4386581    -3.42   0.001    -2.359432   -.6399236
          rd |   6.790905    2.53397     2.68   0.007     1.824416    11.75739
        open |   .4178963   .1036505     4.03   0.000     .2147451    .6210475
          es |  -.1047179     .13156    -0.80   0.426    -.3625708     .153135
-------------+----------------------------------------------------------------
Wx           |
        lntl |  -.0221377   .1295635    -0.17   0.864    -.2760775     .231802
         ind |   -.078229   .4854558    -0.16   0.872    -1.029705    .8732469
         urb |  -.3687888   1.585305    -0.23   0.816    -3.475929    2.738352
          rd |   21.05938    9.23799     2.28   0.023     2.953252    39.16551
        open |   .1947349   .4368617     0.45   0.656    -.6614983    1.050968
          es |  -.2586235   .6727035    -0.38   0.701    -1.577098    1.059851
-------------+----------------------------------------------------------------
Spatial      |
         rho |   .0533112    .199026     0.27   0.789    -.3367725    .4433949
-------------+----------------------------------------------------------------
Variance     |
    sigma2_e |   .0022079   .0002016    10.95   0.000     .0018128    .0026029
------------------------------------------------------------------------------
(results time_geographic_inv are active now)
------------------------------------------------------------------------------
         eff | Coefficient  Std. err.      z    P>|z|     [95% conf. interval]
-------------+----------------------------------------------------------------
Main         |
        lntl |   .0697936   .0536004     1.30   0.193    -.0352612    .1748485
         ind |  -.3026684   .1785065    -1.70   0.090    -.6525346    .0471979
         urb |   .3950273   .2258514     1.75   0.080    -.0476334     .837688
          rd |   2.377745   1.851962     1.28   0.199    -1.252034    6.007524
        open |   -.197211    .153053    -1.29   0.198    -.4971893    .1027673
          es |  -.8927758   .1225633    -7.28   0.000    -1.132996   -.6525561
-------------+----------------------------------------------------------------
Wx           |
        lntl |   1.096651   .3666903     2.99   0.003     .3779509    1.815351
         ind |  -4.335194   1.173679    -3.69   0.000    -6.635562   -2.034826
         urb |  -8.456807   1.306067    -6.48   0.000    -11.01665   -5.896963
          rd |   17.10374   15.05886     1.14   0.256    -12.41109    46.61857
        open |  -.8315012   .9105624    -0.91   0.361    -2.616171    .9531682
          es |   1.814156    1.44079     1.26   0.208    -1.009741    4.638053
-------------+----------------------------------------------------------------
Spatial      |
         rho |   -.602378   .2881271    -2.09   0.037    -1.167097   -.0376593
-------------+----------------------------------------------------------------
Variance     |
    sigma2_e |   .0201367    .001858    10.84   0.000     .0164951    .0237782
------------------------------------------------------------------------------
(results both_geographic_inv are active now)
------------------------------------------------------------------------------
         eff | Coefficient  Std. err.      z    P>|z|     [95% conf. interval]
-------------+----------------------------------------------------------------
Main         |
        lntl |   .1226346   .0698147     1.76   0.079    -.0141996    .2594688
         ind |   .1149344   .1295646     0.89   0.375    -.1390075    .3688764
         urb |  -1.157203   .4522203    -2.56   0.010    -2.043538   -.2708673
          rd |   5.959556   2.509555     2.37   0.018     1.040919    10.87819
        open |    .438318   .1053704     4.16   0.000     .2317959    .6448401
          es |   -.019293   .1368283    -0.14   0.888    -.2874715    .2488854
-------------+----------------------------------------------------------------
Wx           |
        lntl |    .481796   .3904588     1.23   0.217    -.2834891    1.247081
         ind |   .7278857   .7752378     0.94   0.348    -.7915525    2.247324
         urb |  -4.180997   2.247869    -1.86   0.063     -8.58674     .224745
          rd |   3.894876   16.08217     0.24   0.809    -27.62559    35.41534
        open |   1.236549   .6221048     1.99   0.047     .0172458    2.455852
          es |   1.135402   1.190344     0.95   0.340    -1.197629    3.468434
-------------+----------------------------------------------------------------
Spatial      |
         rho |  -.3430879   .2638596    -1.30   0.194    -.8602431    .1740674
-------------+----------------------------------------------------------------
Variance     |
    sigma2_e |    .002053   .0001871    10.97   0.000     .0016864    .0024197
------------------------------------------------------------------------------
--------------------------------------------
LR 检验
--------------------------------------------

Likelihood-ratio test
Assumption: ind_geograph~v nested within both_geograp~v

 LR chi2(7) =  14.83
Prob > chi2 = 0.0382

Likelihood-ratio test
Assumption: time_geograp~v nested within both_geograp~v

LR chi2(29) = 549.19
Prob > chi2 = 0.0000
--------------------------------------------
Wald 检验
--------------------------------------------

 ( 1)  [Wx]lntl = 0
 ( 2)  [Wx]ind = 0
 ( 3)  [Wx]urb = 0
 ( 4)  [Wx]rd = 0
 ( 5)  [Wx]open = 0
 ( 6)  [Wx]es = 0

           chi2(  6) =   12.60
         Prob > chi2 =    0.0499

  (1)  [Wx]lntl = -[Spatial]rho*[Main]lntl
  (2)  [Wx]ind = -[Spatial]rho*[Main]ind
  (3)  [Wx]urb = -[Spatial]rho*[Main]urb
  (4)  [Wx]rd = -[Spatial]rho*[Main]rd
  (5)  [Wx]open = -[Spatial]rho*[Main]open
  (6)  [Wx]es = -[Spatial]rho*[Main]es

               chi2(6) =       11.57
           Prob > chi2 =        0.0723
      name:  sdm_geographic_inv
       log:  C:/Users/abc0x7f/Desktop/PRO/统计建模/outputs/空间分析/baseline/30
> _空间权重矩阵检验/stata/模型结果_geographic_inv.log
  log type:  text
 closed on:   4 Jun 2026, 03:58:15
-------------------------------------------------------------------------------
