-------------------------------------------------------------------------------
      name:  sdm_economic_geo_nested
       log:  C:/Users/abc0x7f/Desktop/PRO/统计建模/outputs/空间分析/baseline/30
> _空间权重矩阵检验/stata/模型结果_economic_geo_nested.log
  log type:  text
 opened on:   4 Jun 2026, 03:58:15
============================================
矩阵：经济地理嵌套矩阵（省会版） (economic_geo_nested)
SDM 个体 / 时间 / 双固定估计
============================================
(results ind_economic_geo_nested are active now)
------------------------------------------------------------------------------
         eff | Coefficient  Std. err.      z    P>|z|     [95% conf. interval]
-------------+----------------------------------------------------------------
Main         |
        lntl |   .1071162   .0685919     1.56   0.118    -.0273214    .2415538
         ind |   .0568648    .116787     0.49   0.626    -.1720335    .2857631
         urb |  -1.490084   .4104313    -3.63   0.000    -2.294514   -.6856531
          rd |    6.44416   2.507652     2.57   0.010     1.529253    11.35907
        open |   .4103111   .0985858     4.16   0.000     .2170864    .6035357
          es |  -.0902937   .1311961    -0.69   0.491    -.3474334     .166846
-------------+----------------------------------------------------------------
Wx           |
        lntl |   .0481954   .1311901     0.37   0.713    -.2089325    .3053233
         ind |  -.2750225   .5011897    -0.55   0.583    -1.257336    .7072913
         urb |  -1.499926   1.435916    -1.04   0.296     -4.31427    1.314417
          rd |   26.67636   9.292574     2.87   0.004     8.463249    44.88947
        open |   .0769322   .4269161     0.18   0.857     -.759808    .9136723
          es |  -.6999098   .6185315    -1.13   0.258    -1.912209    .5123897
-------------+----------------------------------------------------------------
Spatial      |
         rho |   .0372962   .2040211     0.18   0.855    -.3625778    .4371702
-------------+----------------------------------------------------------------
Variance     |
    sigma2_e |   .0021653   .0001977    10.95   0.000     .0017779    .0025528
------------------------------------------------------------------------------
(results time_economic_geo_nested are active now)
------------------------------------------------------------------------------
         eff | Coefficient  Std. err.      z    P>|z|     [95% conf. interval]
-------------+----------------------------------------------------------------
Main         |
        lntl |   .0489517   .0536913     0.91   0.362    -.0562814    .1541848
         ind |  -.0334489   .1799561    -0.19   0.853    -.3861565    .3192586
         urb |   .1273262   .2023137     0.63   0.529    -.2692013    .5238537
          rd |   1.784241   1.965281     0.91   0.364    -2.067639    5.636121
        open |  -.0908618   .1327982    -0.68   0.494    -.3511416    .1694179
          es |  -1.054629   .1148222    -9.18   0.000    -1.279676   -.8295811
-------------+----------------------------------------------------------------
Wx           |
        lntl |   1.144867   .3128614     3.66   0.000     .5316697    1.758064
         ind |  -2.720275   1.061063    -2.56   0.010     -4.79992   -.6406304
         urb |  -8.231763   1.256177    -6.55   0.000    -10.69382   -5.769701
          rd |   24.99591   13.15513     1.90   0.057    -.7876666    50.77949
        open |  -2.920655   .8109106    -3.60   0.000     -4.51001   -1.331299
          es |  -3.172135   .9336097    -3.40   0.001    -5.001977   -1.342294
-------------+----------------------------------------------------------------
Spatial      |
         rho |  -.0862933   .2446949    -0.35   0.724    -.5658865    .3932998
-------------+----------------------------------------------------------------
Variance     |
    sigma2_e |   .0205903   .0018807    10.95   0.000     .0169042    .0242763
------------------------------------------------------------------------------
(results both_economic_geo_nested are active now)
------------------------------------------------------------------------------
         eff | Coefficient  Std. err.      z    P>|z|     [95% conf. interval]
-------------+----------------------------------------------------------------
Main         |
        lntl |   .0411922   .0715567     0.58   0.565    -.0990564    .1814408
         ind |   .1155981   .1286262     0.90   0.369    -.1365046    .3677009
         urb |  -1.091434   .4339555    -2.52   0.012    -1.941971   -.2408971
          rd |   5.850622   2.512043     2.33   0.020     .9271088    10.77414
        open |   .4536801   .0999222     4.54   0.000     .2578363     .649524
          es |  -.0304583   .1328729    -0.23   0.819    -.2908844    .2299678
-------------+----------------------------------------------------------------
Wx           |
        lntl |   .9012947   .3763485     2.39   0.017     .1636652    1.638924
         ind |   .5462716   .7897409     0.69   0.489    -1.001592    2.094135
         urb |  -3.740776   2.208308    -1.69   0.090    -8.068981    .5874283
          rd |   18.54295   16.55087     1.12   0.263    -13.89615    50.98206
        open |   1.316831   .6229697     2.11   0.035      .095833    2.537829
          es |  -.3414985   .9064606    -0.38   0.706    -2.118129    1.435132
-------------+----------------------------------------------------------------
Spatial      |
         rho |   -.252595   .2523708    -1.00   0.317    -.7472327    .2420426
-------------+----------------------------------------------------------------
Variance     |
    sigma2_e |   .0020398   .0001871    10.90   0.000     .0016731    .0024065
------------------------------------------------------------------------------
--------------------------------------------
LR 检验
--------------------------------------------

Likelihood-ratio test
Assumption: ind_economic~d nested within both_economi~d

 LR chi2(7) =  14.15
Prob > chi2 = 0.0486

Likelihood-ratio test
Assumption: time_economi~d nested within both_economi~d

LR chi2(29) = 554.71
Prob > chi2 = 0.0000
--------------------------------------------
Wald 检验
--------------------------------------------

 ( 1)  [Wx]lntl = 0
 ( 2)  [Wx]ind = 0
 ( 3)  [Wx]urb = 0
 ( 4)  [Wx]rd = 0
 ( 5)  [Wx]open = 0
 ( 6)  [Wx]es = 0

           chi2(  6) =   16.50
         Prob > chi2 =    0.0113

  (1)  [Wx]lntl = -[Spatial]rho*[Main]lntl
  (2)  [Wx]ind = -[Spatial]rho*[Main]ind
  (3)  [Wx]urb = -[Spatial]rho*[Main]urb
  (4)  [Wx]rd = -[Spatial]rho*[Main]rd
  (5)  [Wx]open = -[Spatial]rho*[Main]open
  (6)  [Wx]es = -[Spatial]rho*[Main]es

               chi2(6) =       15.98
           Prob > chi2 =        0.0139
      name:  sdm_economic_geo_nested
       log:  C:/Users/abc0x7f/Desktop/PRO/统计建模/outputs/空间分析/baseline/30
> _空间权重矩阵检验/stata/模型结果_economic_geo_nested.log
  log type:  text
 closed on:   4 Jun 2026, 03:58:17
-------------------------------------------------------------------------------
