-------------------------------------------------------------------------------
      name:  sdm_adjacency_01
       log:  C:/Users/abc0x7f/Desktop/PRO/统计建模/outputs/空间分析/baseline/30
> _空间权重矩阵检验/stata/模型结果_adjacency_01.log
  log type:  text
 opened on:   4 Jun 2026, 03:58:05
============================================
矩阵：0-1邻接矩阵 (adjacency_01)
SDM 个体 / 时间 / 双固定估计
============================================
(results ind_adjacency_01 are active now)
------------------------------------------------------------------------------
         eff | Coefficient  Std. err.      z    P>|z|     [95% conf. interval]
-------------+----------------------------------------------------------------
Main         |
        lntl |   .3203161   .0820763     3.90   0.000     .1594495    .4811827
         ind |   .0442382   .1086786     0.41   0.684    -.1687679    .2572443
         urb |  -1.599393   .4338311    -3.69   0.000    -2.449686   -.7490997
          rd |   6.863835   2.497788     2.75   0.006      1.96826    11.75941
        open |   .4697953   .0916669     5.13   0.000     .2901314    .6494592
          es |  -.0059997   .1301006    -0.05   0.963    -.2609922    .2489929
-------------+----------------------------------------------------------------
Wx           |
        lntl |  -.2910575   .0935434    -3.11   0.002    -.4743992   -.1077157
         ind |  -.2288416   .2026175    -1.13   0.259    -.6259647    .1682815
         urb |   1.205469   .5777742     2.09   0.037     .0730529    2.337886
          rd |   7.156755    4.04192     1.77   0.077    -.7652634    15.07877
        open |   .4239675   .1568659     2.70   0.007     .1165159     .731419
          es |   .1010007   .2161226     0.47   0.640    -.3225919    .5245932
-------------+----------------------------------------------------------------
Spatial      |
         rho |   .2122192   .0867144     2.45   0.014     .0422622    .3821763
-------------+----------------------------------------------------------------
Variance     |
    sigma2_e |    .002022   .0001855    10.90   0.000     .0016585    .0023855
------------------------------------------------------------------------------
(results time_adjacency_01 are active now)
------------------------------------------------------------------------------
         eff | Coefficient  Std. err.      z    P>|z|     [95% conf. interval]
-------------+----------------------------------------------------------------
Main         |
        lntl |  -.0727744   .0525579    -1.38   0.166    -.1757861    .0302373
         ind |  -.1227264   .1659753    -0.74   0.460     -.448032    .2025791
         urb |   1.011986   .2542179     3.98   0.000     .5137276    1.510244
          rd |   7.415017   1.785541     4.15   0.000     3.915421    10.91461
        open |  -.3566158   .1339726    -2.66   0.008    -.6191972   -.0940344
          es |  -.7523573   .1160392    -6.48   0.000    -.9797899   -.5249247
-------------+----------------------------------------------------------------
Wx           |
        lntl |   .1078017   .1001839     1.08   0.282    -.0885552    .3041586
         ind |  -1.482945   .3373044    -4.40   0.000    -2.144049   -.8218407
         urb |  -1.938878   .3785376    -5.12   0.000    -2.680798   -1.196958
          rd |  -8.647951   4.425967    -1.95   0.051    -17.32269    .0267857
        open |   .9033573   .1893952     4.77   0.000     .5321495    1.274565
          es |  -.5692225   .2491525    -2.28   0.022    -1.057552   -.0808926
-------------+----------------------------------------------------------------
Spatial      |
         rho |  -.2418681   .1021917    -2.37   0.018    -.4421602    -.041576
-------------+----------------------------------------------------------------
Variance     |
    sigma2_e |   .0192429   .0017703    10.87   0.000     .0157731    .0227127
------------------------------------------------------------------------------
(results both_adjacency_01 are active now)
------------------------------------------------------------------------------
         eff | Coefficient  Std. err.      z    P>|z|     [95% conf. interval]
-------------+----------------------------------------------------------------
Main         |
        lntl |    .321329   .0805703     3.99   0.000     .1634141    .4792439
         ind |   .0979863   .1157115     0.85   0.397    -.1288041    .3247767
         urb |  -1.716266   .4306259    -3.99   0.000    -2.560277   -.8722545
          rd |   4.713009   2.537386     1.86   0.063    -.2601763    9.686194
        open |   .5300995   .0939993     5.64   0.000     .3458642    .7143347
          es |   .0279707   .1311995     0.21   0.831    -.2291755    .2851169
-------------+----------------------------------------------------------------
Wx           |
        lntl |  -.2629799   .1114916    -2.36   0.018    -.4814994   -.0444604
         ind |   .0003936   .2469516     0.00   0.999    -.4836227    .4844099
         urb |  -.3857517   .7736578    -0.50   0.618    -1.902093     1.13059
          rd |   .9585138   5.650412     0.17   0.865    -10.11609    12.03312
        open |   .5638334   .1714234     3.29   0.001     .2278498    .8998171
          es |   .2255406   .2605288     0.87   0.387    -.2850865    .7361677
-------------+----------------------------------------------------------------
Spatial      |
         rho |   .1170767   .0936812     1.25   0.211    -.0665351    .3006885
-------------+----------------------------------------------------------------
Variance     |
    sigma2_e |   .0019337   .0001769    10.93   0.000      .001587    .0022803
------------------------------------------------------------------------------
--------------------------------------------
LR 检验
--------------------------------------------

Likelihood-ratio test
Assumption: ind_adjacen~01 nested within both_adjace~01

 LR chi2(7) =  12.63
Prob > chi2 = 0.0816

Likelihood-ratio test
Assumption: time_adjace~01 nested within both_adjace~01

LR chi2(29) = 553.57
Prob > chi2 = 0.0000
--------------------------------------------
Wald 检验
--------------------------------------------

 ( 1)  [Wx]lntl = 0
 ( 2)  [Wx]ind = 0
 ( 3)  [Wx]urb = 0
 ( 4)  [Wx]rd = 0
 ( 5)  [Wx]open = 0
 ( 6)  [Wx]es = 0

           chi2(  6) =   26.35
         Prob > chi2 =    0.0002

  (1)  [Wx]lntl = -[Spatial]rho*[Main]lntl
  (2)  [Wx]ind = -[Spatial]rho*[Main]ind
  (3)  [Wx]urb = -[Spatial]rho*[Main]urb
  (4)  [Wx]rd = -[Spatial]rho*[Main]rd
  (5)  [Wx]open = -[Spatial]rho*[Main]open
  (6)  [Wx]es = -[Spatial]rho*[Main]es

               chi2(6) =       26.43
           Prob > chi2 =        0.0002
      name:  sdm_adjacency_01
       log:  C:/Users/abc0x7f/Desktop/PRO/统计建模/outputs/空间分析/baseline/30
> _空间权重矩阵检验/stata/模型结果_adjacency_01.log
  log type:  text
 closed on:   4 Jun 2026, 03:58:09
-------------------------------------------------------------------------------
