-------------------------------------------------------------------------------
      name:  sdm_economic_inv
       log:  C:/Users/abc0x7f/Desktop/PRO/统计建模/outputs/空间分析/baseline/30
> _空间权重矩阵检验/stata/模型结果_economic_inv.log
  log type:  text
 opened on:   4 Jun 2026, 03:58:09
============================================
矩阵：经济倒数权重矩阵 (economic_inv)
SDM 个体 / 时间 / 双固定估计
============================================
(results ind_economic_inv are active now)
------------------------------------------------------------------------------
         eff | Coefficient  Std. err.      z    P>|z|     [95% conf. interval]
-------------+----------------------------------------------------------------
Main         |
        lntl |    .016523   .0632613     0.26   0.794    -.1074668    .1405128
         ind |   .1099783   .1122079     0.98   0.327    -.1099451    .3299018
         urb |  -2.026268   .3321689    -6.10   0.000    -2.677307   -1.375229
          rd |   8.025532   2.378532     3.37   0.001     3.363695    12.68737
        open |    .454757   .0912277     4.98   0.000      .275954    .6335599
          es |  -.0852513   .1309704    -0.65   0.515    -.3419485    .1714459
-------------+----------------------------------------------------------------
Wx           |
        lntl |   .1223103   .0915121     1.34   0.181    -.0570501    .3016707
         ind |   -.150962    .257136    -0.59   0.557    -.6549394    .3530153
         urb |  -.2222728   .5901484    -0.38   0.706    -1.378942    .9343968
          rd |   15.89126   5.037745     3.15   0.002     6.017463    25.76506
        open |  -.2724508   .2149804    -1.27   0.205    -.6938046     .148903
          es |  -.8900336   .2843873    -3.13   0.002    -1.447422   -.3326447
-------------+----------------------------------------------------------------
Spatial      |
         rho |   .0227052   .1118975     0.20   0.839    -.1966098    .2420202
-------------+----------------------------------------------------------------
Variance     |
    sigma2_e |   .0020445   .0001866    10.95   0.000     .0016787    .0024103
------------------------------------------------------------------------------
(results time_economic_inv are active now)
------------------------------------------------------------------------------
         eff | Coefficient  Std. err.      z    P>|z|     [95% conf. interval]
-------------+----------------------------------------------------------------
Main         |
        lntl |  -.0216615   .0426037    -0.51   0.611    -.1051632    .0618403
         ind |   .1032089   .1488701     0.69   0.488    -.1885711    .3949888
         urb |   .3980724   .2275911     1.75   0.080     -.047998    .8441428
          rd |   3.159081   1.571884     2.01   0.044     .0782446    6.239917
        open |  -.0649849   .1091339    -0.60   0.552    -.2788835    .1489136
          es |  -.8674617   .1034069    -8.39   0.000    -1.070135    -.664788
-------------+----------------------------------------------------------------
Wx           |
        lntl |   .2299811   .1166749     1.97   0.049     .0013026    .4586597
         ind |   1.163697   .4308741     2.70   0.007     .3191992    2.008194
         urb |   .3388845   .5219325     0.65   0.516    -.6840845    1.361853
          rd |  -7.820177   4.218676    -1.85   0.064    -16.08863    .4482771
        open |    -.71716   .2634417    -2.72   0.006    -1.233496   -.2008237
          es |  -.3861128   .3186788    -1.21   0.226    -1.010712    .2384863
-------------+----------------------------------------------------------------
Spatial      |
         rho |   .6035147   .0838005     7.20   0.000     .4392688    .7677605
-------------+----------------------------------------------------------------
Variance     |
    sigma2_e |   .0175009   .0016576    10.56   0.000     .0142521    .0207497
------------------------------------------------------------------------------
(results both_economic_inv are active now)
------------------------------------------------------------------------------
         eff | Coefficient  Std. err.      z    P>|z|     [95% conf. interval]
-------------+----------------------------------------------------------------
Main         |
        lntl |   .0524318   .0602876     0.87   0.384    -.0657296    .1705933
         ind |   .0384118   .1170086     0.33   0.743    -.1909208    .2677444
         urb |  -1.829582   .3248506    -5.63   0.000    -2.466277   -1.192886
          rd |   5.342511   2.385529     2.24   0.025     .6669604    10.01806
        open |   .4454576   .0915066     4.87   0.000     .2661079    .6248072
          es |  -.0464108   .1250334    -0.37   0.710    -.2914718    .1986501
-------------+----------------------------------------------------------------
Wx           |
        lntl |   .8078361   .1628607     4.96   0.000      .488635    1.127037
         ind |  -.1188109   .3101783    -0.38   0.702    -.7267492    .4891274
         urb |   .2921883   .8831368     0.33   0.741    -1.438728    2.023105
          rd |   .1143088    6.37911     0.02   0.986    -12.38852    12.61713
        open |  -.0655645   .2621542    -0.25   0.803    -.5793773    .4482482
          es |  -1.207025   .3020023    -4.00   0.000    -1.798938   -.6151112
-------------+----------------------------------------------------------------
Spatial      |
         rho |  -.1751501   .1200659    -1.46   0.145    -.4104749    .0601748
-------------+----------------------------------------------------------------
Variance     |
    sigma2_e |   .0018106   .0001658    10.92   0.000     .0014857    .0021356
------------------------------------------------------------------------------
--------------------------------------------
LR 检验
--------------------------------------------

Likelihood-ratio test
Assumption: ind_economic~v nested within both_economi~v

 LR chi2(7) =  27.93
Prob > chi2 = 0.0002

Likelihood-ratio test
Assumption: time_economi~v nested within both_economi~v

LR chi2(29) = 564.07
Prob > chi2 = 0.0000
--------------------------------------------
Wald 检验
--------------------------------------------

 ( 1)  [Wx]lntl = 0
 ( 2)  [Wx]ind = 0
 ( 3)  [Wx]urb = 0
 ( 4)  [Wx]rd = 0
 ( 5)  [Wx]open = 0
 ( 6)  [Wx]es = 0

           chi2(  6) =   48.26
         Prob > chi2 =    0.0000

  (1)  [Wx]lntl = -[Spatial]rho*[Main]lntl
  (2)  [Wx]ind = -[Spatial]rho*[Main]ind
  (3)  [Wx]urb = -[Spatial]rho*[Main]urb
  (4)  [Wx]rd = -[Spatial]rho*[Main]rd
  (5)  [Wx]open = -[Spatial]rho*[Main]open
  (6)  [Wx]es = -[Spatial]rho*[Main]es

               chi2(6) =       46.04
           Prob > chi2 =        0.0000
      name:  sdm_economic_inv
       log:  C:/Users/abc0x7f/Desktop/PRO/统计建模/outputs/空间分析/baseline/30
> _空间权重矩阵检验/stata/模型结果_economic_inv.log
  log type:  text
 closed on:   4 Jun 2026, 03:58:11
-------------------------------------------------------------------------------
