-------------------------------------------------------------------------------
      name:  sdm_economic_inv
       log:  C:/Users/abc0x7f/Desktop/PRO/计算机设计大赛/outputs/空间分析/滞后
> 一期/40_空间SDM主模型/stata/SDM主模型_economic_inv.log
  log type:  text
 opened on:   7 May 2026, 23:08:43
============================================
矩阵：经济倒数权重矩阵 (economic_inv)
双固定效应 SDM 主模型
============================================
------------------------------------------------------------------------------
         eff | Coefficient  Std. err.      z    P>|z|     [95% conf. interval]
-------------+----------------------------------------------------------------
Main         |
        lntl |   .1048649   .0704157     1.49   0.136    -.0331473     .242877
         ind |   .0248874   .1215449     0.20   0.838    -.2133362    .2631111
         urb |  -1.961676   .3320192    -5.91   0.000    -2.612422   -1.310931
          rd |   5.064061   2.487262     2.04   0.042     .1891166    9.939005
        open |   .4131869   .0939471     4.40   0.000     .2290541    .5973198
          es |  -.0867909   .1294836    -0.67   0.503    -.3405741    .1669924
-------------+----------------------------------------------------------------
Wx           |
        lntl |   .5596167    .194261     2.88   0.004     .1788721    .9403613
         ind |  -.3047726   .3203389    -0.95   0.341    -.9326254    .3230802
         urb |   .3142084   .9140895     0.34   0.731    -1.477374    2.105791
          rd |   3.382066   6.743617     0.50   0.616    -9.835181    16.59931
        open |  -.2824337   .2674651    -1.06   0.291    -.8066557    .2417883
          es |  -1.069542   .3110892    -3.44   0.001    -1.679265   -.4598182
-------------+----------------------------------------------------------------
Spatial      |
         rho |  -.0707153   .1172621    -0.60   0.546    -.3005448    .1591143
-------------+----------------------------------------------------------------
Variance     |
    sigma2_e |   .0019406   .0001773    10.95   0.000     .0015932     .002288
-------------+----------------------------------------------------------------
LR_Direct    |
        lntl |   .1002584   .0730733     1.37   0.170    -.0429626    .2434795
         ind |    .024168   .1164843     0.21   0.836     -.204137     .252473
         urb |  -1.932739   .3199053    -6.04   0.000    -2.559742   -1.305736
          rd |   5.002539   2.484596     2.01   0.044     .1328209    9.872257
        open |   .4158479   .0910918     4.57   0.000     .2373111    .5943846
          es |  -.0633081   .1272368    -0.50   0.619    -.3126877    .1860715
-------------+----------------------------------------------------------------
LR_Indirect  |
        lntl |   .5242643   .1897366     2.76   0.006     .1523874    .8961413
         ind |  -.3049967   .3005838    -1.01   0.310    -.8941301    .2841367
         urb |   .4992697   .8289538     0.60   0.547     -1.12545    2.123989
          rd |   2.915249   6.374422     0.46   0.647    -9.578389    15.40889
        open |  -.3119486     .25103    -1.24   0.214    -.8039583    .1800611
          es |   -.991883   .3022977    -3.28   0.001    -1.584376   -.3993904
-------------+----------------------------------------------------------------
LR_Total     |
        lntl |   .6245228   .1886927     3.31   0.001     .2546918    .9943537
         ind |  -.2808287   .3486649    -0.81   0.421    -.9641993     .402542
         urb |   -1.43347   .8595586    -1.67   0.095    -3.118174    .2512343
          rd |   7.917788   6.973475     1.14   0.256    -5.749972    21.58555
        open |   .1038992   .2760883     0.38   0.707     -.437224    .6450225
          es |  -1.055191   .3114551    -3.39   0.001    -1.665632   -.4447504
------------------------------------------------------------------------------

matrices:
              r(table) :  9 x 32
      name:  sdm_economic_inv
       log:  C:/Users/abc0x7f/Desktop/PRO/计算机设计大赛/outputs/空间分析/滞后
> 一期/40_空间SDM主模型/stata/SDM主模型_economic_inv.log
  log type:  text
 closed on:   7 May 2026, 23:08:45
-------------------------------------------------------------------------------
