-------------------------------------------------------------------------------
      name:  sdm_economic_geo_nested
       log:  C:/Users/abc0x7f/Desktop/PRO/计算机设计大赛/outputs/空间分析/滞后
> 一期/40_空间SDM主模型/stata/SDM主模型_economic_geo_nested.log
  log type:  text
 opened on:   7 May 2026, 23:08:48
============================================
矩阵：经济地理嵌套矩阵（省会版） (economic_geo_nested)
双固定效应 SDM 主模型
============================================
------------------------------------------------------------------------------
         eff | Coefficient  Std. err.      z    P>|z|     [95% conf. interval]
-------------+----------------------------------------------------------------
Main         |
        lntl |   .1118395     .07828     1.43   0.153    -.0415865    .2652655
         ind |   .1485944   .1307257     1.14   0.256    -.1076233    .4048121
         urb |  -1.219643   .4359139    -2.80   0.005    -2.074019    -.365268
          rd |   5.918866   2.497864     2.37   0.018     1.023143    10.81459
        open |   .4852702   .1009736     4.81   0.000     .2873656    .6831748
          es |  -.0354229   .1332639    -0.27   0.790    -.2966153    .2257696
-------------+----------------------------------------------------------------
Wx           |
        lntl |   .7542881   .4283918     1.76   0.078    -.0853444    1.593921
         ind |   .6524668   .8061487     0.81   0.418    -.9275557    2.232489
         urb |  -3.775077   2.193404    -1.72   0.085    -8.074069    .5239158
          rd |   21.03624   16.41642     1.28   0.200    -11.13936    53.21183
        open |   1.472369   .6304445     2.34   0.020     .2367209    2.708018
          es |  -.0435217   .8939426    -0.05   0.961    -1.795617    1.708574
-------------+----------------------------------------------------------------
Spatial      |
         rho |  -.1712784   .2430812    -0.70   0.481    -.6477088    .3051521
-------------+----------------------------------------------------------------
Variance     |
    sigma2_e |   .0020488   .0001876    10.92   0.000     .0016811    .0024165
-------------+----------------------------------------------------------------
LR_Direct    |
        lntl |   .1083421   .0828237     1.31   0.191    -.0539894    .2706735
         ind |   .1387712   .1245022     1.11   0.265    -.1052486     .382791
         urb |   -1.14227    .437276    -2.61   0.009    -1.999316   -.2852252
          rd |     5.7055   2.495745     2.29   0.022     .8139297    10.59707
        open |   .4724263   .0990038     4.77   0.000     .2783823    .6664702
          es |  -.0234607   .1334775    -0.18   0.860    -.2850717    .2381504
-------------+----------------------------------------------------------------
LR_Indirect  |
        lntl |   .6458081   .4063096     1.59   0.112    -.1505442     1.44216
         ind |   .5100037   .7247065     0.70   0.482     -.910395    1.930402
         urb |  -3.094817   1.891223    -1.64   0.102    -6.801545    .6119112
          rd |   18.24738   15.30832     1.19   0.233    -11.75638    48.25114
        open |   1.240854   .6486875     1.91   0.056    -.0305501    2.512258
          es |   .0440636   .8594228     0.05   0.959    -1.640374    1.728501
-------------+----------------------------------------------------------------
LR_Total     |
        lntl |   .7541502   .3885936     1.94   0.052    -.0074793     1.51578
         ind |   .6487749   .7813609     0.83   0.406    -.8826643    2.180214
         urb |  -4.237087   1.716361    -2.47   0.014    -7.601094   -.8730812
          rd |   23.95288   15.57169     1.54   0.124    -6.567066    54.47283
        open |    1.71328   .6793548     2.52   0.012     .3817694    3.044791
          es |    .020603   .8844077     0.02   0.981    -1.712804     1.75401
------------------------------------------------------------------------------

matrices:
              r(table) :  9 x 32
      name:  sdm_economic_geo_nested
       log:  C:/Users/abc0x7f/Desktop/PRO/计算机设计大赛/outputs/空间分析/滞后
> 一期/40_空间SDM主模型/stata/SDM主模型_economic_geo_nested.log
  log type:  text
 closed on:   7 May 2026, 23:08:50
-------------------------------------------------------------------------------
