-------------------------------------------------------------------------------
      name:  sdm_adjacency_01
       log:  C:/Users/abc0x7f/Desktop/PRO/计算机设计大赛/outputs/空间分析/滞后
> 一期/40_空间SDM主模型/stata/SDM主模型_adjacency_01.log
  log type:  text
 opened on:   7 May 2026, 23:08:45
============================================
矩阵：0-1邻接矩阵 (adjacency_01)
双固定效应 SDM 主模型
============================================
------------------------------------------------------------------------------
         eff | Coefficient  Std. err.      z    P>|z|     [95% conf. interval]
-------------+----------------------------------------------------------------
Main         |
        lntl |   .3150321   .0843555     3.73   0.000     .1496983     .480366
         ind |   .1497841   .1174905     1.27   0.202    -.0804931    .3800613
         urb |  -1.844239   .4342574    -4.25   0.000    -2.695368   -.9931105
          rd |   5.057395   2.526443     2.00   0.045     .1056579    10.00913
        open |   .5306156   .0950173     5.58   0.000     .3443852    .7168461
          es |   .0259962   .1314423     0.20   0.843     -.231626    .2836184
-------------+----------------------------------------------------------------
Wx           |
        lntl |  -.1490725   .1226336    -1.22   0.224    -.3894299    .0912849
         ind |   .0490982   .2499255     0.20   0.844    -.4407467    .5389431
         urb |  -.3659509   .7721402    -0.47   0.636    -1.879318    1.147416
          rd |  -1.741203   5.621914    -0.31   0.757    -12.75995    9.277546
        open |   .6585491   .1701761     3.87   0.000       .32501    .9920881
          es |   .1773719   .2611025     0.68   0.497    -.3343797    .6891234
-------------+----------------------------------------------------------------
Spatial      |
         rho |   .0986706   .0934977     1.06   0.291    -.0845815    .2819226
-------------+----------------------------------------------------------------
Variance     |
    sigma2_e |    .001942   .0001776    10.94   0.000      .001594    .0022901
-------------+----------------------------------------------------------------
LR_Direct    |
        lntl |     .31554   .0853865     3.70   0.000     .1481857    .4828944
         ind |   .1466139   .1154704     1.27   0.204    -.0797039    .3729317
         urb |  -1.814639   .4105845    -4.42   0.000    -2.619369   -1.009908
          rd |    4.96443   2.465949     2.01   0.044     .1312601    9.797601
        open |    .545172   .0940567     5.80   0.000     .3608244    .7295197
          es |   .0410534   .1328463     0.31   0.757    -.2193205    .3014273
-------------+----------------------------------------------------------------
LR_Indirect  |
        lntl |  -.1322293   .1298279    -1.02   0.308    -.3866872    .1222287
         ind |   .0561622   .2713203     0.21   0.836    -.4756158    .5879402
         urb |  -.5678781   .8004378    -0.71   0.478    -2.136707    1.000951
          rd |  -.8903163    5.99797    -0.15   0.882    -12.64612    10.86549
        open |   .7730135   .1928634     4.01   0.000     .3950082    1.151019
          es |   .2242791   .3035715     0.74   0.460    -.3707102    .8192684
-------------+----------------------------------------------------------------
LR_Total     |
        lntl |   .1833108   .1218722     1.50   0.133    -.0555543    .4221758
         ind |   .2027761   .3277005     0.62   0.536    -.4395051    .8450574
         urb |  -2.382517   .7282109    -3.27   0.001    -3.809784   -.9552495
          rd |   4.074114     6.3571     0.64   0.522    -8.385573     16.5338
        open |   1.318186   .2356476     5.59   0.000     .8563247    1.780046
          es |   .2653325   .3531639     0.75   0.452     -.426856     .957521
------------------------------------------------------------------------------

matrices:
              r(table) :  9 x 32
      name:  sdm_adjacency_01
       log:  C:/Users/abc0x7f/Desktop/PRO/计算机设计大赛/outputs/空间分析/滞后
> 一期/40_空间SDM主模型/stata/SDM主模型_adjacency_01.log
  log type:  text
 closed on:   7 May 2026, 23:08:46
-------------------------------------------------------------------------------
