-------------------------------------------------------------------------------
      name:  sdm_geographic_inv
       log:  C:/Users/abc0x7f/Desktop/PRO/计算机设计大赛/outputs/空间分析/滞后
> 一期/40_空间SDM主模型/stata/SDM主模型_geographic_inv.log
  log type:  text
 opened on:   7 May 2026, 23:08:46
============================================
矩阵：地理距离倒数矩阵（省会版） (geographic_inv)
双固定效应 SDM 主模型
============================================
------------------------------------------------------------------------------
         eff | Coefficient  Std. err.      z    P>|z|     [95% conf. interval]
-------------+----------------------------------------------------------------
Main         |
        lntl |   .1741899   .0751654     2.32   0.020     .0268685    .3215113
         ind |   .1642872   .1305594     1.26   0.208    -.0916045    .4201788
         urb |  -1.243771   .4513564    -2.76   0.006    -2.128414   -.3591292
          rd |   5.897707   2.465493     2.39   0.017      1.06543    10.72998
        open |   .4759003   .1054605     4.51   0.000     .2692014    .6825992
          es |  -.0248557   .1361855    -0.18   0.855    -.2917745     .242063
-------------+----------------------------------------------------------------
Wx           |
        lntl |   .6217005   .4333283     1.43   0.151    -.2276074    1.471008
         ind |   1.037792   .7836105     1.32   0.185    -.4980564     2.57364
         urb |  -4.301061   2.246946    -1.91   0.056    -8.704995    .1028729
          rd |   3.548845   15.71856     0.23   0.821    -27.25897    34.35666
        open |    1.53767   .6297873     2.44   0.015     .3033095     2.77203
          es |   1.153536   1.181271     0.98   0.329    -1.161714    3.468785
-------------+----------------------------------------------------------------
Spatial      |
         rho |  -.3523869   .2634083    -1.34   0.181    -.8686576    .1638839
-------------+----------------------------------------------------------------
Variance     |
    sigma2_e |    .002027   .0001847    10.98   0.000      .001665     .002389
-------------+----------------------------------------------------------------
LR_Direct    |
        lntl |   .1683424   .0805618     2.09   0.037     .0104442    .3262407
         ind |   .1452725   .1224927     1.19   0.236    -.0948089    .3853539
         urb |  -1.137636   .4589098    -2.48   0.013    -2.037082   -.2381889
          rd |   5.837184   2.468523     2.36   0.018     .9989683     10.6754
        open |   .4536857   .1010771     4.49   0.000     .2555782    .6517933
          es |  -.0309734   .1349011    -0.23   0.818    -.2953747    .2334279
-------------+----------------------------------------------------------------
LR_Indirect  |
        lntl |    .428843    .350279     1.22   0.221    -.2576912    1.115377
         ind |    .718731   .5999915     1.20   0.231    -.4572308    1.894693
         urb |  -2.911596   1.670868    -1.74   0.081    -6.186437     .363244
          rd |   1.912113   12.48007     0.15   0.878    -22.54837     26.3726
        open |   1.066587   .5313572     2.01   0.045     .0251456    2.108027
          es |   .9869958   1.018826     0.97   0.333    -1.009866    2.983858
-------------+----------------------------------------------------------------
LR_Total     |
        lntl |   .5971854   .3247485     1.84   0.066      -.03931    1.233681
         ind |   .8640035   .6469149     1.34   0.182    -.4039264    2.131933
         urb |  -4.049232   1.463388    -2.77   0.006    -6.917421   -1.181043
          rd |   7.749297   12.52736     0.62   0.536    -16.80388    32.30247
        open |   1.520272   .5641647     2.69   0.007     .4145298    2.626015
          es |   .9560224   1.049555     0.91   0.362    -1.101068    3.013112
------------------------------------------------------------------------------

matrices:
              r(table) :  9 x 32
      name:  sdm_geographic_inv
       log:  C:/Users/abc0x7f/Desktop/PRO/计算机设计大赛/outputs/空间分析/滞后
> 一期/40_空间SDM主模型/stata/SDM主模型_geographic_inv.log
  log type:  text
 closed on:   7 May 2026, 23:08:48
-------------------------------------------------------------------------------
